<?xml version="1.0" encoding="ISO-8859-1" ?>
<link_info>
   <banner>TI ARM Clang Linker PC v4.0.1.LTS</banner>
   <copyright>Copyright (c) 1996-2018 Texas Instruments Incorporated</copyright>
   <command_line>C:\ti\ccs2000\ccs\tools\compiler\ti-cgt-armllvm_4.0.1.LTS\bin\tiarmlnk -IC:\ti\ccs2000\ccs\tools\compiler\ti-cgt-armllvm_4.0.1.LTS\lib -o ECE319K_Lab9H.out -mECE319K_Lab9H.map --heap_size=512 --stack_size=512 -iC:/Users/Marco/Desktop/319H Project/Dig-Dug/ECE319K_Lab9H/Debug/syscfg -iC:/ti/ccs2000/ccs/tools/compiler/ti-cgt-armllvm_4.0.1.LTS/lib --diag_wrap=off --display_error_number --warn_sections --xml_link_info=ECE319K_Lab9H_linkInfo.xml --rom_model ./BFS.o ./BitResource.o ./Clock.o ./DAC5.o ./Game.o ./LED.o ./Lab9HMain.o ./LaunchPad.o ./SPI.o ./ST7735.o ./SlidePot.o ./SmallFont.o ./Sound.o ./Switch.o ./TExaS.o ./Timer.o ./GameObjects/Character.o ./GameObjects/Displayable.o ./GameObjects/Enemy.o ./GameObjects/GameBoard.o ./GameObjects/Scoreboard.o ./GameObjects/Tile.o ./ticlang/startup_mspm0g3507_ticlang.o ../mspm0g3507.cmd -lC:/ti/mspm0_sdk_2_03_00_07/source/ti/driverlib/lib/ticlang/m0p/mspm0g1x0x_g3x0x/driverlib.a -llibc.a --start-group -llibc++.a -llibc++abi.a -llibc.a -llibsys.a -llibsysbm.a -llibclang_rt.builtins.a -llibclang_rt.profile.a --end-group --cg_opt_level=0</command_line>
   <link_time>0x680a7e5a</link_time>
   <link_errors>0x0</link_errors>
   <output_file>C:\Users\Marco\Desktop\319H Project\Dig-Dug\ECE319K_Lab9H\Debug\ECE319K_Lab9H.out</output_file>
   <entry_point>
      <name>_c_int00_noargs</name>
      <address>0x18a3d</address>
   </entry_point>
   <input_file_list>
      <input_file id="fl-1">
         <path>C:\Users\Marco\Desktop\319H Project\Dig-Dug\ECE319K_Lab9H\Debug\.\</path>
         <kind>object</kind>
         <file>BFS.o</file>
         <name>BFS.o</name>
      </input_file>
      <input_file id="fl-2">
         <path>C:\Users\Marco\Desktop\319H Project\Dig-Dug\ECE319K_Lab9H\Debug\.\</path>
         <kind>object</kind>
         <file>BitResource.o</file>
         <name>BitResource.o</name>
      </input_file>
      <input_file id="fl-3">
         <path>C:\Users\Marco\Desktop\319H Project\Dig-Dug\ECE319K_Lab9H\Debug\.\</path>
         <kind>object</kind>
         <file>Clock.o</file>
         <name>Clock.o</name>
      </input_file>
      <input_file id="fl-4">
         <path>C:\Users\Marco\Desktop\319H Project\Dig-Dug\ECE319K_Lab9H\Debug\.\</path>
         <kind>object</kind>
         <file>DAC5.o</file>
         <name>DAC5.o</name>
      </input_file>
      <input_file id="fl-5">
         <path>C:\Users\Marco\Desktop\319H Project\Dig-Dug\ECE319K_Lab9H\Debug\.\</path>
         <kind>object</kind>
         <file>Game.o</file>
         <name>Game.o</name>
      </input_file>
      <input_file id="fl-6">
         <path>C:\Users\Marco\Desktop\319H Project\Dig-Dug\ECE319K_Lab9H\Debug\.\</path>
         <kind>object</kind>
         <file>LED.o</file>
         <name>LED.o</name>
      </input_file>
      <input_file id="fl-7">
         <path>C:\Users\Marco\Desktop\319H Project\Dig-Dug\ECE319K_Lab9H\Debug\.\</path>
         <kind>object</kind>
         <file>Lab9HMain.o</file>
         <name>Lab9HMain.o</name>
      </input_file>
      <input_file id="fl-8">
         <path>C:\Users\Marco\Desktop\319H Project\Dig-Dug\ECE319K_Lab9H\Debug\.\</path>
         <kind>object</kind>
         <file>LaunchPad.o</file>
         <name>LaunchPad.o</name>
      </input_file>
      <input_file id="fl-9">
         <path>C:\Users\Marco\Desktop\319H Project\Dig-Dug\ECE319K_Lab9H\Debug\.\</path>
         <kind>object</kind>
         <file>SPI.o</file>
         <name>SPI.o</name>
      </input_file>
      <input_file id="fl-a">
         <path>C:\Users\Marco\Desktop\319H Project\Dig-Dug\ECE319K_Lab9H\Debug\.\</path>
         <kind>object</kind>
         <file>ST7735.o</file>
         <name>ST7735.o</name>
      </input_file>
      <input_file id="fl-b">
         <path>C:\Users\Marco\Desktop\319H Project\Dig-Dug\ECE319K_Lab9H\Debug\.\</path>
         <kind>object</kind>
         <file>SlidePot.o</file>
         <name>SlidePot.o</name>
      </input_file>
      <input_file id="fl-c">
         <path>C:\Users\Marco\Desktop\319H Project\Dig-Dug\ECE319K_Lab9H\Debug\.\</path>
         <kind>object</kind>
         <file>SmallFont.o</file>
         <name>SmallFont.o</name>
      </input_file>
      <input_file id="fl-d">
         <path>C:\Users\Marco\Desktop\319H Project\Dig-Dug\ECE319K_Lab9H\Debug\.\</path>
         <kind>object</kind>
         <file>Sound.o</file>
         <name>Sound.o</name>
      </input_file>
      <input_file id="fl-e">
         <path>C:\Users\Marco\Desktop\319H Project\Dig-Dug\ECE319K_Lab9H\Debug\.\</path>
         <kind>object</kind>
         <file>Switch.o</file>
         <name>Switch.o</name>
      </input_file>
      <input_file id="fl-f">
         <path>C:\Users\Marco\Desktop\319H Project\Dig-Dug\ECE319K_Lab9H\Debug\.\</path>
         <kind>object</kind>
         <file>TExaS.o</file>
         <name>TExaS.o</name>
      </input_file>
      <input_file id="fl-10">
         <path>C:\Users\Marco\Desktop\319H Project\Dig-Dug\ECE319K_Lab9H\Debug\.\</path>
         <kind>object</kind>
         <file>Timer.o</file>
         <name>Timer.o</name>
      </input_file>
      <input_file id="fl-11">
         <path>C:\Users\Marco\Desktop\319H Project\Dig-Dug\ECE319K_Lab9H\Debug\.\GameObjects\</path>
         <kind>object</kind>
         <file>Character.o</file>
         <name>Character.o</name>
      </input_file>
      <input_file id="fl-12">
         <path>C:\Users\Marco\Desktop\319H Project\Dig-Dug\ECE319K_Lab9H\Debug\.\GameObjects\</path>
         <kind>object</kind>
         <file>Displayable.o</file>
         <name>Displayable.o</name>
      </input_file>
      <input_file id="fl-13">
         <path>C:\Users\Marco\Desktop\319H Project\Dig-Dug\ECE319K_Lab9H\Debug\.\GameObjects\</path>
         <kind>object</kind>
         <file>Enemy.o</file>
         <name>Enemy.o</name>
      </input_file>
      <input_file id="fl-14">
         <path>C:\Users\Marco\Desktop\319H Project\Dig-Dug\ECE319K_Lab9H\Debug\.\GameObjects\</path>
         <kind>object</kind>
         <file>GameBoard.o</file>
         <name>GameBoard.o</name>
      </input_file>
      <input_file id="fl-15">
         <path>C:\Users\Marco\Desktop\319H Project\Dig-Dug\ECE319K_Lab9H\Debug\.\GameObjects\</path>
         <kind>object</kind>
         <file>Scoreboard.o</file>
         <name>Scoreboard.o</name>
      </input_file>
      <input_file id="fl-16">
         <path>C:\Users\Marco\Desktop\319H Project\Dig-Dug\ECE319K_Lab9H\Debug\.\GameObjects\</path>
         <kind>object</kind>
         <file>Tile.o</file>
         <name>Tile.o</name>
      </input_file>
      <input_file id="fl-17">
         <path>C:\Users\Marco\Desktop\319H Project\Dig-Dug\ECE319K_Lab9H\Debug\.\ticlang\</path>
         <kind>object</kind>
         <file>startup_mspm0g3507_ticlang.o</file>
         <name>startup_mspm0g3507_ticlang.o</name>
      </input_file>
      <input_file id="fl-23">
         <path>C:\Users\Marco\Desktop\319H Project\Dig-Dug\ECE319K_Lab9H\Debug\</path>
         <kind>object</kind>
         <file>&lt;internal&gt;</file>
         <name>&lt;internal&gt;</name>
      </input_file>
      <input_file id="fl-38">
         <path>C:\ti\ccs2000\ccs\tools\compiler\ti-cgt-armllvm_4.0.1.LTS\lib\armv6m-ti-none-eabi\c\</path>
         <kind>archive</kind>
         <file>libc.a</file>
         <name>printf.c.obj</name>
      </input_file>
      <input_file id="fl-39">
         <path>C:\ti\ccs2000\ccs\tools\compiler\ti-cgt-armllvm_4.0.1.LTS\lib\armv6m-ti-none-eabi\c\</path>
         <kind>archive</kind>
         <file>libc.a</file>
         <name>_printfi.c.obj</name>
      </input_file>
      <input_file id="fl-3a">
         <path>C:\ti\ccs2000\ccs\tools\compiler\ti-cgt-armllvm_4.0.1.LTS\lib\armv6m-ti-none-eabi\c\</path>
         <kind>archive</kind>
         <file>libc.a</file>
         <name>fopen.c.obj</name>
      </input_file>
      <input_file id="fl-3b">
         <path>C:\ti\ccs2000\ccs\tools\compiler\ti-cgt-armllvm_4.0.1.LTS\lib\armv6m-ti-none-eabi\c\</path>
         <kind>archive</kind>
         <file>libc.a</file>
         <name>fputc.c.obj</name>
      </input_file>
      <input_file id="fl-3c">
         <path>C:\ti\ccs2000\ccs\tools\compiler\ti-cgt-armllvm_4.0.1.LTS\lib\armv6m-ti-none-eabi\c\</path>
         <kind>archive</kind>
         <file>libc.a</file>
         <name>fputs.c.obj</name>
      </input_file>
      <input_file id="fl-3d">
         <path>C:\ti\ccs2000\ccs\tools\compiler\ti-cgt-armllvm_4.0.1.LTS\lib\armv6m-ti-none-eabi\c\</path>
         <kind>archive</kind>
         <file>libc.a</file>
         <name>_io_perm.c.obj</name>
      </input_file>
      <input_file id="fl-3e">
         <path>C:\ti\ccs2000\ccs\tools\compiler\ti-cgt-armllvm_4.0.1.LTS\lib\armv6m-ti-none-eabi\c\</path>
         <kind>archive</kind>
         <file>libc.a</file>
         <name>setvbuf.c.obj</name>
      </input_file>
      <input_file id="fl-3f">
         <path>C:\ti\ccs2000\ccs\tools\compiler\ti-cgt-armllvm_4.0.1.LTS\lib\armv6m-ti-none-eabi\c\</path>
         <kind>archive</kind>
         <file>libc.a</file>
         <name>wcslen.c.obj</name>
      </input_file>
      <input_file id="fl-40">
         <path>C:\ti\ccs2000\ccs\tools\compiler\ti-cgt-armllvm_4.0.1.LTS\lib\armv6m-ti-none-eabi\c\</path>
         <kind>archive</kind>
         <file>libc.a</file>
         <name>aeabi_portable.c.obj</name>
      </input_file>
      <input_file id="fl-41">
         <path>C:\ti\ccs2000\ccs\tools\compiler\ti-cgt-armllvm_4.0.1.LTS\lib\armv6m-ti-none-eabi\c\</path>
         <kind>archive</kind>
         <file>libc.a</file>
         <name>aeabi_atexit.c.obj</name>
      </input_file>
      <input_file id="fl-42">
         <path>C:\ti\ccs2000\ccs\tools\compiler\ti-cgt-armllvm_4.0.1.LTS\lib\armv6m-ti-none-eabi\c\</path>
         <kind>archive</kind>
         <file>libc.a</file>
         <name>exit.c.obj</name>
      </input_file>
      <input_file id="fl-43">
         <path>C:\ti\ccs2000\ccs\tools\compiler\ti-cgt-armllvm_4.0.1.LTS\lib\armv6m-ti-none-eabi\c\</path>
         <kind>archive</kind>
         <file>libc.a</file>
         <name>_lock.c.obj</name>
      </input_file>
      <input_file id="fl-44">
         <path>C:\ti\ccs2000\ccs\tools\compiler\ti-cgt-armllvm_4.0.1.LTS\lib\armv6m-ti-none-eabi\c\</path>
         <kind>archive</kind>
         <file>libc.a</file>
         <name>_ltoa.c.obj</name>
      </input_file>
      <input_file id="fl-45">
         <path>C:\ti\ccs2000\ccs\tools\compiler\ti-cgt-armllvm_4.0.1.LTS\lib\armv6m-ti-none-eabi\c\</path>
         <kind>archive</kind>
         <file>libc.a</file>
         <name>assert.c.obj</name>
      </input_file>
      <input_file id="fl-46">
         <path>C:\ti\ccs2000\ccs\tools\compiler\ti-cgt-armllvm_4.0.1.LTS\lib\armv6m-ti-none-eabi\c\</path>
         <kind>archive</kind>
         <file>libc.a</file>
         <name>atoi.c.obj</name>
      </input_file>
      <input_file id="fl-47">
         <path>C:\ti\ccs2000\ccs\tools\compiler\ti-cgt-armllvm_4.0.1.LTS\lib\armv6m-ti-none-eabi\c\</path>
         <kind>archive</kind>
         <file>libc.a</file>
         <name>defs.c.obj</name>
      </input_file>
      <input_file id="fl-48">
         <path>C:\ti\ccs2000\ccs\tools\compiler\ti-cgt-armllvm_4.0.1.LTS\lib\armv6m-ti-none-eabi\c\</path>
         <kind>archive</kind>
         <file>libc.a</file>
         <name>memccpy.c.obj</name>
      </input_file>
      <input_file id="fl-49">
         <path>C:\ti\ccs2000\ccs\tools\compiler\ti-cgt-armllvm_4.0.1.LTS\lib\armv6m-ti-none-eabi\c\</path>
         <kind>archive</kind>
         <file>libc.a</file>
         <name>memory.c.obj</name>
      </input_file>
      <input_file id="fl-4a">
         <path>C:\ti\ccs2000\ccs\tools\compiler\ti-cgt-armllvm_4.0.1.LTS\lib\armv6m-ti-none-eabi\c\</path>
         <kind>archive</kind>
         <file>libc.a</file>
         <name>rand.c.obj</name>
      </input_file>
      <input_file id="fl-4b">
         <path>C:\ti\ccs2000\ccs\tools\compiler\ti-cgt-armllvm_4.0.1.LTS\lib\armv6m-ti-none-eabi\c\</path>
         <kind>archive</kind>
         <file>libc.a</file>
         <name>copy_zero_init.c.obj</name>
      </input_file>
      <input_file id="fl-4c">
         <path>C:\ti\ccs2000\ccs\tools\compiler\ti-cgt-armllvm_4.0.1.LTS\lib\armv6m-ti-none-eabi\c\</path>
         <kind>archive</kind>
         <file>libc.a</file>
         <name>copy_decompress_none.c.obj</name>
      </input_file>
      <input_file id="fl-4d">
         <path>C:\ti\ccs2000\ccs\tools\compiler\ti-cgt-armllvm_4.0.1.LTS\lib\armv6m-ti-none-eabi\c\</path>
         <kind>archive</kind>
         <file>libc.a</file>
         <name>copy_decompress_lzss.c.obj</name>
      </input_file>
      <input_file id="fl-4e">
         <path>C:\ti\ccs2000\ccs\tools\compiler\ti-cgt-armllvm_4.0.1.LTS\lib\armv6m-ti-none-eabi\c\</path>
         <kind>archive</kind>
         <file>libc.a</file>
         <name>boot_cortex_m.c.obj</name>
      </input_file>
      <input_file id="fl-4f">
         <path>C:\ti\ccs2000\ccs\tools\compiler\ti-cgt-armllvm_4.0.1.LTS\lib\armv6m-ti-none-eabi\c\</path>
         <kind>archive</kind>
         <file>libc.a</file>
         <name>mathacl_init.c.obj</name>
      </input_file>
      <input_file id="fl-50">
         <path>C:\ti\ccs2000\ccs\tools\compiler\ti-cgt-armllvm_4.0.1.LTS\lib\armv6m-ti-none-eabi\c\</path>
         <kind>archive</kind>
         <file>libc.a</file>
         <name>s_frexp.c.obj</name>
      </input_file>
      <input_file id="fl-51">
         <path>C:\ti\ccs2000\ccs\tools\compiler\ti-cgt-armllvm_4.0.1.LTS\lib\armv6m-ti-none-eabi\c\</path>
         <kind>archive</kind>
         <file>libc.a</file>
         <name>s_scalbn.c.obj</name>
      </input_file>
      <input_file id="fl-52">
         <path>C:\ti\ccs2000\ccs\tools\compiler\ti-cgt-armllvm_4.0.1.LTS\lib\armv6m-ti-none-eabi\c\</path>
         <kind>archive</kind>
         <file>libc.a</file>
         <name>sprintf.c.obj</name>
      </input_file>
      <input_file id="fl-53">
         <path>C:\ti\ccs2000\ccs\tools\compiler\ti-cgt-armllvm_4.0.1.LTS\lib\armv6m-ti-none-eabi\c\</path>
         <kind>archive</kind>
         <file>libc.a</file>
         <name>fclose.c.obj</name>
      </input_file>
      <input_file id="fl-54">
         <path>C:\ti\ccs2000\ccs\tools\compiler\ti-cgt-armllvm_4.0.1.LTS\lib\armv6m-ti-none-eabi\c\</path>
         <kind>archive</kind>
         <file>libc.a</file>
         <name>fflush.c.obj</name>
      </input_file>
      <input_file id="fl-55">
         <path>C:\ti\ccs2000\ccs\tools\compiler\ti-cgt-armllvm_4.0.1.LTS\lib\armv6m-ti-none-eabi\c\</path>
         <kind>archive</kind>
         <file>libc.a</file>
         <name>fseek.c.obj</name>
      </input_file>
      <input_file id="fl-56">
         <path>C:\ti\ccs2000\ccs\tools\compiler\ti-cgt-armllvm_4.0.1.LTS\lib\armv6m-ti-none-eabi\c\</path>
         <kind>archive</kind>
         <file>libc.a</file>
         <name>aeabi_ctype.S.obj</name>
      </input_file>
      <input_file id="fl-57">
         <path>C:\ti\ccs2000\ccs\tools\compiler\ti-cgt-armllvm_4.0.1.LTS\lib\armv6m-ti-none-eabi\c\</path>
         <kind>archive</kind>
         <file>libc.a</file>
         <name>args_main.c.obj</name>
      </input_file>
      <input_file id="fl-58">
         <path>C:\ti\ccs2000\ccs\tools\compiler\ti-cgt-armllvm_4.0.1.LTS\lib\armv6m-ti-none-eabi\c\</path>
         <kind>archive</kind>
         <file>libc.a</file>
         <name>autoinit.c.obj</name>
      </input_file>
      <input_file id="fl-59">
         <path>C:\ti\ccs2000\ccs\tools\compiler\ti-cgt-armllvm_4.0.1.LTS\lib\armv6m-ti-none-eabi\c\</path>
         <kind>archive</kind>
         <file>libc.a</file>
         <name>pre_init.c.obj</name>
      </input_file>
      <input_file id="fl-5a">
         <path>C:\ti\ccs2000\ccs\tools\compiler\ti-cgt-armllvm_4.0.1.LTS\lib\armv6m-ti-none-eabi\c\</path>
         <kind>archive</kind>
         <file>libc.a</file>
         <name>cpy_tbl.c.obj</name>
      </input_file>
      <input_file id="fl-f0">
         <path>C:\ti\ccs2000\ccs\tools\compiler\ti-cgt-armllvm_4.0.1.LTS\lib\armv6m-ti-none-eabi\</path>
         <kind>archive</kind>
         <file>libc++abi.a</file>
         <name>stdlib_new_delete.cpp.obj</name>
      </input_file>
      <input_file id="fl-f1">
         <path>C:\ti\ccs2000\ccs\tools\compiler\ti-cgt-armllvm_4.0.1.LTS\lib\armv6m-ti-none-eabi\</path>
         <kind>archive</kind>
         <file>libc++abi.a</file>
         <name>cxa_handlers.cpp.obj</name>
      </input_file>
      <input_file id="fl-f2">
         <path>C:\ti\ccs2000\ccs\tools\compiler\ti-cgt-armllvm_4.0.1.LTS\lib\armv6m-ti-none-eabi\</path>
         <kind>archive</kind>
         <file>libc++abi.a</file>
         <name>abort_message.cpp.obj</name>
      </input_file>
      <input_file id="fl-f3">
         <path>C:\ti\ccs2000\ccs\tools\compiler\ti-cgt-armllvm_4.0.1.LTS\lib\armv6m-ti-none-eabi\</path>
         <kind>archive</kind>
         <file>libc++abi.a</file>
         <name>cxa_default_handlers.cpp.obj</name>
      </input_file>
      <input_file id="fl-f4">
         <path>C:\ti\ccs2000\ccs\tools\compiler\ti-cgt-armllvm_4.0.1.LTS\lib\armv6m-ti-none-eabi\c\</path>
         <kind>archive</kind>
         <file>libsysbm.a</file>
         <name>write.c.obj</name>
      </input_file>
      <input_file id="fl-f5">
         <path>C:\ti\ccs2000\ccs\tools\compiler\ti-cgt-armllvm_4.0.1.LTS\lib\armv6m-ti-none-eabi\c\</path>
         <kind>archive</kind>
         <file>libsysbm.a</file>
         <name>host_device.c.obj</name>
      </input_file>
      <input_file id="fl-f6">
         <path>C:\ti\ccs2000\ccs\tools\compiler\ti-cgt-armllvm_4.0.1.LTS\lib\armv6m-ti-none-eabi\c\</path>
         <kind>archive</kind>
         <file>libsysbm.a</file>
         <name>remove.c.obj</name>
      </input_file>
      <input_file id="fl-f7">
         <path>C:\ti\ccs2000\ccs\tools\compiler\ti-cgt-armllvm_4.0.1.LTS\lib\armv6m-ti-none-eabi\c\</path>
         <kind>archive</kind>
         <file>libsysbm.a</file>
         <name>open.c.obj</name>
      </input_file>
      <input_file id="fl-f8">
         <path>C:\ti\ccs2000\ccs\tools\compiler\ti-cgt-armllvm_4.0.1.LTS\lib\armv6m-ti-none-eabi\c\</path>
         <kind>archive</kind>
         <file>libsysbm.a</file>
         <name>lseek.c.obj</name>
      </input_file>
      <input_file id="fl-f9">
         <path>C:\ti\ccs2000\ccs\tools\compiler\ti-cgt-armllvm_4.0.1.LTS\lib\armv6m-ti-none-eabi\c\</path>
         <kind>archive</kind>
         <file>libsysbm.a</file>
         <name>close.c.obj</name>
      </input_file>
      <input_file id="fl-fa">
         <path>C:\ti\ccs2000\ccs\tools\compiler\ti-cgt-armllvm_4.0.1.LTS\lib\armv6m-ti-none-eabi\c\</path>
         <kind>archive</kind>
         <file>libsysbm.a</file>
         <name>add_device.c.obj</name>
      </input_file>
      <input_file id="fl-fb">
         <path>C:\ti\ccs2000\ccs\tools\compiler\ti-cgt-armllvm_4.0.1.LTS\lib\armv6m-ti-none-eabi\c\</path>
         <kind>archive</kind>
         <file>libsysbm.a</file>
         <name>unlink.c.obj</name>
      </input_file>
      <input_file id="fl-fc">
         <path>C:\ti\ccs2000\ccs\tools\compiler\ti-cgt-armllvm_4.0.1.LTS\lib\armv6m-ti-none-eabi\c\</path>
         <kind>archive</kind>
         <file>libsysbm.a</file>
         <name>hostclose.c.obj</name>
      </input_file>
      <input_file id="fl-fd">
         <path>C:\ti\ccs2000\ccs\tools\compiler\ti-cgt-armllvm_4.0.1.LTS\lib\armv6m-ti-none-eabi\c\</path>
         <kind>archive</kind>
         <file>libsysbm.a</file>
         <name>hostlseek.c.obj</name>
      </input_file>
      <input_file id="fl-fe">
         <path>C:\ti\ccs2000\ccs\tools\compiler\ti-cgt-armllvm_4.0.1.LTS\lib\armv6m-ti-none-eabi\c\</path>
         <kind>archive</kind>
         <file>libsysbm.a</file>
         <name>hostopen.c.obj</name>
      </input_file>
      <input_file id="fl-ff">
         <path>C:\ti\ccs2000\ccs\tools\compiler\ti-cgt-armllvm_4.0.1.LTS\lib\armv6m-ti-none-eabi\c\</path>
         <kind>archive</kind>
         <file>libsysbm.a</file>
         <name>hostread.c.obj</name>
      </input_file>
      <input_file id="fl-100">
         <path>C:\ti\ccs2000\ccs\tools\compiler\ti-cgt-armllvm_4.0.1.LTS\lib\armv6m-ti-none-eabi\c\</path>
         <kind>archive</kind>
         <file>libsysbm.a</file>
         <name>hostrename.c.obj</name>
      </input_file>
      <input_file id="fl-101">
         <path>C:\ti\ccs2000\ccs\tools\compiler\ti-cgt-armllvm_4.0.1.LTS\lib\armv6m-ti-none-eabi\c\</path>
         <kind>archive</kind>
         <file>libsysbm.a</file>
         <name>hostunlink.c.obj</name>
      </input_file>
      <input_file id="fl-102">
         <path>C:\ti\ccs2000\ccs\tools\compiler\ti-cgt-armllvm_4.0.1.LTS\lib\armv6m-ti-none-eabi\c\</path>
         <kind>archive</kind>
         <file>libsysbm.a</file>
         <name>hostwrite.c.obj</name>
      </input_file>
      <input_file id="fl-103">
         <path>C:\ti\ccs2000\ccs\tools\compiler\ti-cgt-armllvm_4.0.1.LTS\lib\armv6m-ti-none-eabi\c\</path>
         <kind>archive</kind>
         <file>libsysbm.a</file>
         <name>trgmsg.c.obj</name>
      </input_file>
      <input_file id="fl-104">
         <path>C:\ti\ccs2000\ccs\tools\compiler\ti-cgt-armllvm_4.0.1.LTS\lib\armv6m-ti-none-eabi\</path>
         <kind>archive</kind>
         <file>libclang_rt.builtins.a</file>
         <name>adddf3.S.obj</name>
      </input_file>
      <input_file id="fl-105">
         <path>C:\ti\ccs2000\ccs\tools\compiler\ti-cgt-armllvm_4.0.1.LTS\lib\armv6m-ti-none-eabi\</path>
         <kind>archive</kind>
         <file>libclang_rt.builtins.a</file>
         <name>muldf3.S.obj</name>
      </input_file>
      <input_file id="fl-106">
         <path>C:\ti\ccs2000\ccs\tools\compiler\ti-cgt-armllvm_4.0.1.LTS\lib\armv6m-ti-none-eabi\</path>
         <kind>archive</kind>
         <file>libclang_rt.builtins.a</file>
         <name>muldsi3.S.obj</name>
      </input_file>
      <input_file id="fl-107">
         <path>C:\ti\ccs2000\ccs\tools\compiler\ti-cgt-armllvm_4.0.1.LTS\lib\armv6m-ti-none-eabi\</path>
         <kind>archive</kind>
         <file>libclang_rt.builtins.a</file>
         <name>divdf3.S.obj</name>
      </input_file>
      <input_file id="fl-108">
         <path>C:\ti\ccs2000\ccs\tools\compiler\ti-cgt-armllvm_4.0.1.LTS\lib\armv6m-ti-none-eabi\</path>
         <kind>archive</kind>
         <file>libclang_rt.builtins.a</file>
         <name>fixdfsi.S.obj</name>
      </input_file>
      <input_file id="fl-109">
         <path>C:\ti\ccs2000\ccs\tools\compiler\ti-cgt-armllvm_4.0.1.LTS\lib\armv6m-ti-none-eabi\</path>
         <kind>archive</kind>
         <file>libclang_rt.builtins.a</file>
         <name>floatsidf.S.obj</name>
      </input_file>
      <input_file id="fl-10a">
         <path>C:\ti\ccs2000\ccs\tools\compiler\ti-cgt-armllvm_4.0.1.LTS\lib\armv6m-ti-none-eabi\</path>
         <kind>archive</kind>
         <file>libclang_rt.builtins.a</file>
         <name>floatunsidf.S.obj</name>
      </input_file>
      <input_file id="fl-10b">
         <path>C:\ti\ccs2000\ccs\tools\compiler\ti-cgt-armllvm_4.0.1.LTS\lib\armv6m-ti-none-eabi\</path>
         <kind>archive</kind>
         <file>libclang_rt.builtins.a</file>
         <name>muldi3.S.obj</name>
      </input_file>
      <input_file id="fl-10c">
         <path>C:\ti\ccs2000\ccs\tools\compiler\ti-cgt-armllvm_4.0.1.LTS\lib\armv6m-ti-none-eabi\</path>
         <kind>archive</kind>
         <file>libclang_rt.builtins.a</file>
         <name>truncdfsf2.S.obj</name>
      </input_file>
      <input_file id="fl-10d">
         <path>C:\ti\ccs2000\ccs\tools\compiler\ti-cgt-armllvm_4.0.1.LTS\lib\armv6m-ti-none-eabi\</path>
         <kind>archive</kind>
         <file>libclang_rt.builtins.a</file>
         <name>aeabi_dcmp.S.obj</name>
      </input_file>
      <input_file id="fl-10e">
         <path>C:\ti\ccs2000\ccs\tools\compiler\ti-cgt-armllvm_4.0.1.LTS\lib\armv6m-ti-none-eabi\</path>
         <kind>archive</kind>
         <file>libclang_rt.builtins.a</file>
         <name>aeabi_idivmod.S.obj</name>
      </input_file>
      <input_file id="fl-10f">
         <path>C:\ti\ccs2000\ccs\tools\compiler\ti-cgt-armllvm_4.0.1.LTS\lib\armv6m-ti-none-eabi\</path>
         <kind>archive</kind>
         <file>libclang_rt.builtins.a</file>
         <name>aeabi_memcpy.S.obj</name>
      </input_file>
      <input_file id="fl-110">
         <path>C:\ti\ccs2000\ccs\tools\compiler\ti-cgt-armllvm_4.0.1.LTS\lib\armv6m-ti-none-eabi\</path>
         <kind>archive</kind>
         <file>libclang_rt.builtins.a</file>
         <name>aeabi_memset.S.obj</name>
      </input_file>
      <input_file id="fl-111">
         <path>C:\ti\ccs2000\ccs\tools\compiler\ti-cgt-armllvm_4.0.1.LTS\lib\armv6m-ti-none-eabi\</path>
         <kind>archive</kind>
         <file>libclang_rt.builtins.a</file>
         <name>aeabi_uidivmod.S.obj</name>
      </input_file>
      <input_file id="fl-112">
         <path>C:\ti\ccs2000\ccs\tools\compiler\ti-cgt-armllvm_4.0.1.LTS\lib\armv6m-ti-none-eabi\</path>
         <kind>archive</kind>
         <file>libclang_rt.builtins.a</file>
         <name>aeabi_uldivmod.S.obj</name>
      </input_file>
      <input_file id="fl-113">
         <path>C:\ti\ccs2000\ccs\tools\compiler\ti-cgt-armllvm_4.0.1.LTS\lib\armv6m-ti-none-eabi\</path>
         <kind>archive</kind>
         <file>libclang_rt.builtins.a</file>
         <name>udivmoddi4.S.obj</name>
      </input_file>
      <input_file id="fl-114">
         <path>C:\ti\ccs2000\ccs\tools\compiler\ti-cgt-armllvm_4.0.1.LTS\lib\armv6m-ti-none-eabi\</path>
         <kind>archive</kind>
         <file>libclang_rt.builtins.a</file>
         <name>ashldi3.S.obj</name>
      </input_file>
      <input_file id="fl-115">
         <path>C:\ti\ccs2000\ccs\tools\compiler\ti-cgt-armllvm_4.0.1.LTS\lib\armv6m-ti-none-eabi\</path>
         <kind>archive</kind>
         <file>libclang_rt.builtins.a</file>
         <name>comparedf2.c.obj</name>
      </input_file>
      <input_file id="fl-116">
         <path>C:\ti\ccs2000\ccs\tools\compiler\ti-cgt-armllvm_4.0.1.LTS\lib\armv6m-ti-none-eabi\</path>
         <kind>archive</kind>
         <file>libclang_rt.builtins.a</file>
         <name>aeabi_div0.c.obj</name>
      </input_file>
      <input_file id="fl-117">
         <path>C:\ti\ccs2000\ccs\tools\compiler\ti-cgt-armllvm_4.0.1.LTS\lib\armv6m-ti-none-eabi\c\</path>
         <kind>archive</kind>
         <file>libc.a</file>
         <name>getdevice.c.obj</name>
      </input_file>
      <input_file id="fl-118">
         <path>C:\ti\ccs2000\ccs\tools\compiler\ti-cgt-armllvm_4.0.1.LTS\lib\armv6m-ti-none-eabi\c\</path>
         <kind>archive</kind>
         <file>libc.a</file>
         <name>memcpy16.S.obj</name>
      </input_file>
      <input_file id="fl-119">
         <path>C:\ti\ccs2000\ccs\tools\compiler\ti-cgt-armllvm_4.0.1.LTS\lib\armv6m-ti-none-eabi\c\</path>
         <kind>archive</kind>
         <file>libc.a</file>
         <name>memset16.S.obj</name>
      </input_file>
      <input_file id="fl-11a">
         <path>C:\ti\ccs2000\ccs\tools\compiler\ti-cgt-armllvm_4.0.1.LTS\lib\armv6m-ti-none-eabi\c\</path>
         <kind>archive</kind>
         <file>libc.a</file>
         <name>strcmp-armv6m.S.obj</name>
      </input_file>
   </input_file_list>
   <object_component_list>
      <object_component id="oc-18">
         <name>.intvecs</name>
         <load_address>0x0</load_address>
         <readonly>true</readonly>
         <run_address>0x0</run_address>
         <size>0xc0</size>
         <alignment>0x4</alignment>
         <input_file_ref idref="fl-17"/>
      </object_component>
      <object_component id="oc-94">
         <name>.text.main</name>
         <load_address>0x14b70</load_address>
         <readonly>true</readonly>
         <executable>true</executable>
         <run_address>0x14b70</run_address>
         <size>0x44c</size>
         <alignment>0x4</alignment>
         <input_file_ref idref="fl-7"/>
      </object_component>
      <object_component id="oc-fa">
         <name>.text._ZN3BFS22randomStepTowardPlayerERiS0_iiP9GameBoardP5EnemyPjR14AnimationState</name>
         <load_address>0x14fbc</load_address>
         <readonly>true</readonly>
         <executable>true</executable>
         <run_address>0x14fbc</run_address>
         <size>0x32a</size>
         <alignment>0x2</alignment>
         <input_file_ref idref="fl-1"/>
      </object_component>
      <object_component id="oc-a3">
         <name>.text.__aeabi_idiv0</name>
         <load_address>0x152e6</load_address>
         <readonly>true</readonly>
         <executable>true</executable>
         <run_address>0x152e6</run_address>
         <size>0x2</size>
         <alignment>0x2</alignment>
         <input_file_ref idref="fl-116"/>
      </object_component>
      <object_component id="oc-22d">
         <name>.text:__TI_printfi_minimal</name>
         <load_address>0x152e8</load_address>
         <readonly>true</readonly>
         <executable>true</executable>
         <run_address>0x152e8</run_address>
         <size>0x284</size>
         <alignment>0x4</alignment>
         <input_file_ref idref="fl-39"/>
      </object_component>
      <object_component id="oc-118">
         <name>.text._Z17ST7735_DrawBitmapssPKtss</name>
         <load_address>0x1556c</load_address>
         <readonly>true</readonly>
         <executable>true</executable>
         <run_address>0x1556c</run_address>
         <size>0x210</size>
         <alignment>0x4</alignment>
         <input_file_ref idref="fl-a"/>
      </object_component>
      <object_component id="oc-159">
         <name>.text._Z15Clock_Init80MHzi</name>
         <load_address>0x1577c</load_address>
         <readonly>true</readonly>
         <executable>true</executable>
         <run_address>0x1577c</run_address>
         <size>0x1b4</size>
         <alignment>0x4</alignment>
         <input_file_ref idref="fl-3"/>
      </object_component>
      <object_component id="oc-25e">
         <name>.text._Z16ST7735_DrawCharSsscssh</name>
         <load_address>0x15930</load_address>
         <readonly>true</readonly>
         <executable>true</executable>
         <run_address>0x15930</run_address>
         <size>0x1a0</size>
         <alignment>0x4</alignment>
         <input_file_ref idref="fl-a"/>
      </object_component>
      <object_component id="oc-e2">
         <name>.text._ZN9GameBoard10board_initEv</name>
         <load_address>0x15ad0</load_address>
         <readonly>true</readonly>
         <executable>true</executable>
         <run_address>0x15ad0</run_address>
         <size>0x190</size>
         <alignment>0x4</alignment>
         <input_file_ref idref="fl-14"/>
      </object_component>
      <object_component id="oc-21a">
         <name>.text._openfile</name>
         <load_address>0x15c60</load_address>
         <readonly>true</readonly>
         <executable>true</executable>
         <run_address>0x15c60</run_address>
         <size>0x154</size>
         <alignment>0x4</alignment>
         <input_file_ref idref="fl-3a"/>
      </object_component>
      <object_component id="oc-184">
         <name>.text._Z8ADC_InitP10ADC12_Regsjj</name>
         <load_address>0x15db4</load_address>
         <readonly>true</readonly>
         <executable>true</executable>
         <run_address>0x15db4</run_address>
         <size>0x128</size>
         <alignment>0x4</alignment>
         <input_file_ref idref="fl-f"/>
      </object_component>
      <object_component id="oc-26e">
         <name>.text._Z15ST7735_FillRectsssst</name>
         <load_address>0x15edc</load_address>
         <readonly>true</readonly>
         <executable>true</executable>
         <run_address>0x15edc</run_address>
         <size>0x118</size>
         <alignment>0x4</alignment>
         <input_file_ref idref="fl-a"/>
      </object_component>
      <object_component id="oc-2af">
         <name>.text.aligned_alloc</name>
         <load_address>0x15ff4</load_address>
         <readonly>true</readonly>
         <executable>true</executable>
         <run_address>0x15ff4</run_address>
         <size>0x114</size>
         <alignment>0x4</alignment>
         <input_file_ref idref="fl-49"/>
      </object_component>
      <object_component id="oc-26d">
         <name>.text._Z8SPI_Initv</name>
         <load_address>0x16108</load_address>
         <readonly>true</readonly>
         <executable>true</executable>
         <run_address>0x16108</run_address>
         <size>0xf8</size>
         <alignment>0x4</alignment>
         <input_file_ref idref="fl-9"/>
      </object_component>
      <object_component id="oc-23b">
         <name>.text.fputs</name>
         <load_address>0x16200</load_address>
         <readonly>true</readonly>
         <executable>true</executable>
         <run_address>0x16200</run_address>
         <size>0xf8</size>
         <alignment>0x4</alignment>
         <input_file_ref idref="fl-3c"/>
      </object_component>
      <object_component id="oc-10a">
         <name>.text._Z14checkCollisionR9CharacterR5Enemy</name>
         <load_address>0x162f8</load_address>
         <readonly>true</readonly>
         <executable>true</executable>
         <run_address>0x162f8</run_address>
         <size>0xf2</size>
         <alignment>0x2</alignment>
         <input_file_ref idref="fl-5"/>
      </object_component>
      <object_component id="oc-235">
         <name>.text._nop</name>
         <load_address>0x163ea</load_address>
         <readonly>true</readonly>
         <executable>true</executable>
         <run_address>0x163ea</run_address>
         <size>0x2</size>
         <alignment>0x2</alignment>
         <input_file_ref idref="fl-43"/>
      </object_component>
      <object_component id="oc-1ab">
         <name>.text._ZN9Character11clearBehindER9GameBoard</name>
         <load_address>0x163ec</load_address>
         <readonly>true</readonly>
         <executable>true</executable>
         <run_address>0x163ec</run_address>
         <size>0xf0</size>
         <alignment>0x4</alignment>
         <input_file_ref idref="fl-11"/>
      </object_component>
      <object_component id="oc-15e">
         <name>.text.add_device</name>
         <load_address>0x164dc</load_address>
         <readonly>true</readonly>
         <executable>true</executable>
         <run_address>0x164dc</run_address>
         <size>0xec</size>
         <alignment>0x4</alignment>
         <input_file_ref idref="fl-fa"/>
      </object_component>
      <object_component id="oc-186">
         <name>.text._Z9UART_Initv</name>
         <load_address>0x165c8</load_address>
         <readonly>true</readonly>
         <executable>true</executable>
         <run_address>0x165c8</run_address>
         <size>0xe8</size>
         <alignment>0x4</alignment>
         <input_file_ref idref="fl-f"/>
      </object_component>
      <object_component id="oc-223">
         <name>.text.free</name>
         <load_address>0x166b0</load_address>
         <readonly>true</readonly>
         <executable>true</executable>
         <run_address>0x166b0</run_address>
         <size>0xe8</size>
         <alignment>0x4</alignment>
         <input_file_ref idref="fl-49"/>
      </object_component>
      <object_component id="oc-169">
         <name>.text.setvbuf</name>
         <load_address>0x16798</load_address>
         <readonly>true</readonly>
         <executable>true</executable>
         <run_address>0x16798</run_address>
         <size>0xe0</size>
         <alignment>0x4</alignment>
         <input_file_ref idref="fl-3e"/>
      </object_component>
      <object_component id="oc-1bf">
         <name>.text._Z14ST7735_OutCharc</name>
         <load_address>0x16878</load_address>
         <readonly>true</readonly>
         <executable>true</executable>
         <run_address>0x16878</run_address>
         <size>0xd0</size>
         <alignment>0x4</alignment>
         <input_file_ref idref="fl-a"/>
      </object_component>
      <object_component id="oc-1ca">
         <name>.text._Z10resetEnemyR5EnemyR9GameBoard</name>
         <load_address>0x16948</load_address>
         <readonly>true</readonly>
         <executable>true</executable>
         <run_address>0x16948</run_address>
         <size>0xb4</size>
         <alignment>0x4</alignment>
         <input_file_ref idref="fl-5"/>
      </object_component>
      <object_component id="oc-ce">
         <name>.text._Z10Sound_Initv</name>
         <load_address>0x169fc</load_address>
         <readonly>true</readonly>
         <executable>true</executable>
         <run_address>0x169fc</run_address>
         <size>0xb0</size>
         <alignment>0x4</alignment>
         <input_file_ref idref="fl-d"/>
      </object_component>
      <object_component id="oc-188">
         <name>.text._Z14TimerG7_IntArmtjj</name>
         <load_address>0x16aac</load_address>
         <readonly>true</readonly>
         <executable>true</executable>
         <run_address>0x16aac</run_address>
         <size>0xa8</size>
         <alignment>0x4</alignment>
         <input_file_ref idref="fl-10"/>
      </object_component>
      <object_component id="oc-259">
         <name>.text._ZN9GameBoard10updateTileEhh</name>
         <load_address>0x16b54</load_address>
         <readonly>true</readonly>
         <executable>true</executable>
         <run_address>0x16b54</run_address>
         <size>0xa4</size>
         <alignment>0x4</alignment>
         <input_file_ref idref="fl-14"/>
      </object_component>
      <object_component id="oc-202">
         <name>.text._ZL11commandListPKh</name>
         <load_address>0x16bf8</load_address>
         <readonly>true</readonly>
         <executable>true</executable>
         <run_address>0x16bf8</run_address>
         <size>0xa2</size>
         <alignment>0x2</alignment>
         <input_file_ref idref="fl-a"/>
      </object_component>
      <object_component id="oc-297">
         <name>.text.open</name>
         <load_address>0x16c9c</load_address>
         <readonly>true</readonly>
         <executable>true</executable>
         <run_address>0x16c9c</run_address>
         <size>0xa0</size>
         <alignment>0x4</alignment>
         <input_file_ref idref="fl-f7"/>
      </object_component>
      <object_component id="oc-b9">
         <name>.text._Z17ST7735_InitPrintfv</name>
         <load_address>0x16d3c</load_address>
         <readonly>true</readonly>
         <executable>true</executable>
         <run_address>0x16d3c</run_address>
         <size>0x9c</size>
         <alignment>0x4</alignment>
         <input_file_ref idref="fl-a"/>
      </object_component>
      <object_component id="oc-1fc">
         <name>.text.atexit_register</name>
         <load_address>0x16dd8</load_address>
         <readonly>true</readonly>
         <executable>true</executable>
         <run_address>0x16dd8</run_address>
         <size>0x9c</size>
         <alignment>0x4</alignment>
         <input_file_ref idref="fl-41"/>
      </object_component>
      <object_component id="oc-241">
         <name>.text.fputc</name>
         <load_address>0x16e74</load_address>
         <readonly>true</readonly>
         <executable>true</executable>
         <run_address>0x16e74</run_address>
         <size>0x9c</size>
         <alignment>0x4</alignment>
         <input_file_ref idref="fl-3b"/>
      </object_component>
      <object_component id="oc-15d">
         <name>.text._Z12ST7735_InitR10initRFlags</name>
         <load_address>0x16f10</load_address>
         <readonly>true</readonly>
         <executable>true</executable>
         <run_address>0x16f10</run_address>
         <size>0x98</size>
         <alignment>0x4</alignment>
         <input_file_ref idref="fl-a"/>
      </object_component>
      <object_component id="oc-39">
         <name>.text.SysTick_Handler</name>
         <load_address>0x16fa8</load_address>
         <readonly>true</readonly>
         <executable>true</executable>
         <run_address>0x16fa8</run_address>
         <size>0x94</size>
         <alignment>0x4</alignment>
         <input_file_ref idref="fl-d"/>
      </object_component>
      <object_component id="oc-dc">
         <name>.text._Z15TimerG12_IntArmjj</name>
         <load_address>0x1703c</load_address>
         <readonly>true</readonly>
         <executable>true</executable>
         <run_address>0x1703c</run_address>
         <size>0x94</size>
         <alignment>0x4</alignment>
         <input_file_ref idref="fl-10"/>
      </object_component>
      <object_component id="oc-be">
         <name>.text._Z12JoystickInitv</name>
         <load_address>0x170d0</load_address>
         <readonly>true</readonly>
         <executable>true</executable>
         <run_address>0x170d0</run_address>
         <size>0x8c</size>
         <alignment>0x4</alignment>
         <input_file_ref idref="fl-7"/>
      </object_component>
      <object_component id="oc-1d1">
         <name>.text._ZL13setAddrWindowhhhh</name>
         <load_address>0x1715c</load_address>
         <readonly>true</readonly>
         <executable>true</executable>
         <run_address>0x1715c</run_address>
         <size>0x88</size>
         <alignment>0x4</alignment>
         <input_file_ref idref="fl-a"/>
      </object_component>
      <object_component id="oc-187">
         <name>.text._Z10Clock_Freqv</name>
         <load_address>0x171e4</load_address>
         <readonly>true</readonly>
         <executable>true</executable>
         <run_address>0x171e4</run_address>
         <size>0xc</size>
         <alignment>0x4</alignment>
         <input_file_ref idref="fl-3"/>
      </object_component>
      <object_component id="oc-26f">
         <name>.text:strcmp</name>
         <load_address>0x171f0</load_address>
         <readonly>true</readonly>
         <executable>true</executable>
         <run_address>0x171f0</run_address>
         <size>0x88</size>
         <alignment>0x10</alignment>
         <input_file_ref idref="fl-11a"/>
      </object_component>
      <object_component id="oc-10f">
         <name>.text._Z15handleCollisionR9CharacterR5EnemyR9GameBoardRj</name>
         <load_address>0x17278</load_address>
         <readonly>true</readonly>
         <executable>true</executable>
         <run_address>0x17278</run_address>
         <size>0x84</size>
         <alignment>0x2</alignment>
         <input_file_ref idref="fl-5"/>
      </object_component>
      <object_component id="oc-1ce">
         <name>.text._Z17ST7735_DrawStringttPcs</name>
         <load_address>0x172fc</load_address>
         <readonly>true</readonly>
         <executable>true</executable>
         <run_address>0x172fc</run_address>
         <size>0x84</size>
         <alignment>0x2</alignment>
         <input_file_ref idref="fl-a"/>
      </object_component>
      <object_component id="oc-112">
         <name>.text._Z12showGameOverv</name>
         <load_address>0x17380</load_address>
         <readonly>true</readonly>
         <executable>true</executable>
         <run_address>0x17380</run_address>
         <size>0x80</size>
         <alignment>0x4</alignment>
         <input_file_ref idref="fl-5"/>
      </object_component>
      <object_component id="oc-1a6">
         <name>.text._ZN9CharacterC2EbhPKthhh</name>
         <load_address>0x17400</load_address>
         <readonly>true</readonly>
         <executable>true</executable>
         <run_address>0x17400</run_address>
         <size>0x80</size>
         <alignment>0x4</alignment>
         <input_file_ref idref="fl-11"/>
      </object_component>
      <object_component id="oc-b4">
         <name>.text._Z14LaunchPad_Initv</name>
         <load_address>0x17480</load_address>
         <readonly>true</readonly>
         <executable>true</executable>
         <run_address>0x17480</run_address>
         <size>0x7c</size>
         <alignment>0x4</alignment>
         <input_file_ref idref="fl-8"/>
      </object_component>
      <object_component id="oc-21d">
         <name>.text.__TI_closefile</name>
         <load_address>0x174fc</load_address>
         <readonly>true</readonly>
         <executable>true</executable>
         <run_address>0x174fc</run_address>
         <size>0x7c</size>
         <alignment>0x4</alignment>
         <input_file_ref idref="fl-53"/>
      </object_component>
      <object_component id="oc-1c">
         <name>.text:decompress:lzss</name>
         <load_address>0x17578</load_address>
         <readonly>true</readonly>
         <executable>true</executable>
         <run_address>0x17578</run_address>
         <size>0x7c</size>
         <alignment>0x4</alignment>
         <input_file_ref idref="fl-4d"/>
      </object_component>
      <object_component id="oc-1c3">
         <name>.text._ZN9Character10isXAlignedER9GameBoard</name>
         <load_address>0x175f4</load_address>
         <readonly>true</readonly>
         <executable>true</executable>
         <run_address>0x175f4</run_address>
         <size>0x78</size>
         <alignment>0x2</alignment>
         <input_file_ref idref="fl-11"/>
      </object_component>
      <object_component id="oc-1c2">
         <name>.text._ZN9Character10isYAlignedER9GameBoard</name>
         <load_address>0x1766c</load_address>
         <readonly>true</readonly>
         <executable>true</executable>
         <run_address>0x1766c</run_address>
         <size>0x78</size>
         <alignment>0x2</alignment>
         <input_file_ref idref="fl-11"/>
      </object_component>
      <object_component id="oc-2f7">
         <name>.text._Z16ST7735_DrawPixelsst</name>
         <load_address>0x176e4</load_address>
         <readonly>true</readonly>
         <executable>true</executable>
         <run_address>0x176e4</run_address>
         <size>0x70</size>
         <alignment>0x4</alignment>
         <input_file_ref idref="fl-a"/>
      </object_component>
      <object_component id="oc-19b">
         <name>.text._ZN4Tile9setBrokenEb</name>
         <load_address>0x17754</load_address>
         <readonly>true</readonly>
         <executable>true</executable>
         <run_address>0x17754</run_address>
         <size>0x70</size>
         <alignment>0x4</alignment>
         <input_file_ref idref="fl-16"/>
      </object_component>
      <object_component id="oc-285">
         <name>.text.HOSTlseek</name>
         <load_address>0x177c4</load_address>
         <readonly>true</readonly>
         <executable>true</executable>
         <run_address>0x177c4</run_address>
         <size>0x6c</size>
         <alignment>0x4</alignment>
         <input_file_ref idref="fl-fd"/>
      </object_component>
      <object_component id="oc-28d">
         <name>.text.HOSTrename</name>
         <load_address>0x17830</load_address>
         <readonly>true</readonly>
         <executable>true</executable>
         <run_address>0x17830</run_address>
         <size>0x6c</size>
         <alignment>0x4</alignment>
         <input_file_ref idref="fl-100"/>
      </object_component>
      <object_component id="oc-2fa">
         <name>.text.__cxa_finalize</name>
         <load_address>0x1789c</load_address>
         <readonly>true</readonly>
         <executable>true</executable>
         <run_address>0x1789c</run_address>
         <size>0x6c</size>
         <alignment>0x4</alignment>
         <input_file_ref idref="fl-41"/>
      </object_component>
      <object_component id="oc-3a7">
         <name>.text.fseeko</name>
         <load_address>0x17908</load_address>
         <readonly>true</readonly>
         <executable>true</executable>
         <run_address>0x17908</run_address>
         <size>0x6c</size>
         <alignment>0x4</alignment>
         <input_file_ref idref="fl-55"/>
      </object_component>
      <object_component id="oc-31b">
         <name>.text.getdevice</name>
         <load_address>0x17974</load_address>
         <readonly>true</readonly>
         <executable>true</executable>
         <run_address>0x17974</run_address>
         <size>0x6c</size>
         <alignment>0x4</alignment>
         <input_file_ref idref="fl-117"/>
      </object_component>
      <object_component id="oc-103">
         <name>.text._ZN9Character6moveUpER9GameBoard</name>
         <load_address>0x179e0</load_address>
         <readonly>true</readonly>
         <executable>true</executable>
         <run_address>0x179e0</run_address>
         <size>0x68</size>
         <alignment>0x2</alignment>
         <input_file_ref idref="fl-11"/>
      </object_component>
      <object_component id="oc-104">
         <name>.text._ZN9Character8moveDownER9GameBoard</name>
         <load_address>0x17a48</load_address>
         <readonly>true</readonly>
         <executable>true</executable>
         <run_address>0x17a48</run_address>
         <size>0x68</size>
         <alignment>0x2</alignment>
         <input_file_ref idref="fl-11"/>
      </object_component>
      <object_component id="oc-101">
         <name>.text._ZN9Character8moveLeftER9GameBoard</name>
         <load_address>0x17ab0</load_address>
         <readonly>true</readonly>
         <executable>true</executable>
         <run_address>0x17ab0</run_address>
         <size>0x68</size>
         <alignment>0x2</alignment>
         <input_file_ref idref="fl-11"/>
      </object_component>
      <object_component id="oc-102">
         <name>.text._ZN9Character9moveRightER9GameBoard</name>
         <load_address>0x17b18</load_address>
         <readonly>true</readonly>
         <executable>true</executable>
         <run_address>0x17b18</run_address>
         <size>0x68</size>
         <alignment>0x2</alignment>
         <input_file_ref idref="fl-11"/>
      </object_component>
      <object_component id="oc-2d7">
         <name>.text.__TI_wrt_ok</name>
         <load_address>0x17b80</load_address>
         <readonly>true</readonly>
         <executable>true</executable>
         <run_address>0x17b80</run_address>
         <size>0x64</size>
         <alignment>0x2</alignment>
         <input_file_ref idref="fl-3d"/>
      </object_component>
      <object_component id="oc-32e">
         <name>.text.split</name>
         <load_address>0x17be4</load_address>
         <readonly>true</readonly>
         <executable>true</executable>
         <run_address>0x17be4</run_address>
         <size>0x64</size>
         <alignment>0x4</alignment>
         <input_file_ref idref="fl-49"/>
      </object_component>
      <object_component id="oc-275">
         <name>.text.HOSTopen</name>
         <load_address>0x17c48</load_address>
         <readonly>true</readonly>
         <executable>true</executable>
         <run_address>0x17c48</run_address>
         <size>0x60</size>
         <alignment>0x4</alignment>
         <input_file_ref idref="fl-fe"/>
      </object_component>
      <object_component id="oc-d0">
         <name>.text.printf</name>
         <load_address>0x17ca8</load_address>
         <readonly>true</readonly>
         <executable>true</executable>
         <run_address>0x17ca8</run_address>
         <size>0x5c</size>
         <alignment>0x4</alignment>
         <input_file_ref idref="fl-38"/>
      </object_component>
      <object_component id="oc-27d">
         <name>.text.HOSTread</name>
         <load_address>0x17d04</load_address>
         <readonly>true</readonly>
         <executable>true</executable>
         <run_address>0x17d04</run_address>
         <size>0x58</size>
         <alignment>0x4</alignment>
         <input_file_ref idref="fl-ff"/>
      </object_component>
      <object_component id="oc-281">
         <name>.text.HOSTwrite</name>
         <load_address>0x17d5c</load_address>
         <readonly>true</readonly>
         <executable>true</executable>
         <run_address>0x17d5c</run_address>
         <size>0x58</size>
         <alignment>0x4</alignment>
         <input_file_ref idref="fl-102"/>
      </object_component>
      <object_component id="oc-fd">
         <name>.text._Z10JoystickInPjS_</name>
         <load_address>0x17db4</load_address>
         <readonly>true</readonly>
         <executable>true</executable>
         <run_address>0x17db4</run_address>
         <size>0x58</size>
         <alignment>0x4</alignment>
         <input_file_ref idref="fl-7"/>
      </object_component>
      <object_component id="oc-cf">
         <name>.text._Z10TExaS_InitP10ADC12_RegsjPFhvE</name>
         <load_address>0x17e0c</load_address>
         <readonly>true</readonly>
         <executable>true</executable>
         <run_address>0x17e0c</run_address>
         <size>0x58</size>
         <alignment>0x4</alignment>
         <input_file_ref idref="fl-f"/>
      </object_component>
      <object_component id="oc-114">
         <name>.text.__aeabi_idivmod</name>
         <load_address>0x17e64</load_address>
         <readonly>true</readonly>
         <executable>true</executable>
         <run_address>0x17e64</run_address>
         <size>0x56</size>
         <alignment>0x4</alignment>
         <input_file_ref idref="fl-10e"/>
      </object_component>
      <object_component id="oc-1a5">
         <name>.text._ZN5EnemyC2Ehhb</name>
         <load_address>0x17ebc</load_address>
         <readonly>true</readonly>
         <executable>true</executable>
         <run_address>0x17ebc</run_address>
         <size>0x54</size>
         <alignment>0x4</alignment>
         <input_file_ref idref="fl-13"/>
      </object_component>
      <object_component id="oc-e3">
         <name>.text._ZN9GameBoard10printBoardEv</name>
         <load_address>0x17f10</load_address>
         <readonly>true</readonly>
         <executable>true</executable>
         <run_address>0x17f10</run_address>
         <size>0x54</size>
         <alignment>0x4</alignment>
         <input_file_ref idref="fl-14"/>
      </object_component>
      <object_component id="oc-e5">
         <name>.text._ZN9GameBoard11spawnPlayerEiiP5Enemy</name>
         <load_address>0x17f64</load_address>
         <readonly>true</readonly>
         <executable>true</executable>
         <run_address>0x17f64</run_address>
         <size>0x54</size>
         <alignment>0x4</alignment>
         <input_file_ref idref="fl-14"/>
      </object_component>
      <object_component id="oc-134">
         <name>.text:__TI_auto_init_nobinit</name>
         <load_address>0x17fb8</load_address>
         <readonly>true</readonly>
         <executable>true</executable>
         <run_address>0x17fb8</run_address>
         <size>0x54</size>
         <alignment>0x4</alignment>
         <input_file_ref idref="fl-58"/>
      </object_component>
      <object_component id="oc-29b">
         <name>.text.__TI_doflush</name>
         <load_address>0x1800c</load_address>
         <readonly>true</readonly>
         <executable>true</executable>
         <run_address>0x1800c</run_address>
         <size>0x52</size>
         <alignment>0x2</alignment>
         <input_file_ref idref="fl-54"/>
      </object_component>
      <object_component id="oc-2a1">
         <name>.text.close</name>
         <load_address>0x18060</load_address>
         <readonly>true</readonly>
         <executable>true</executable>
         <run_address>0x18060</run_address>
         <size>0x50</size>
         <alignment>0x4</alignment>
         <input_file_ref idref="fl-f9"/>
      </object_component>
      <object_component id="oc-1b9">
         <name>.text._ZN3BFS7isValidEii</name>
         <load_address>0x180b0</load_address>
         <readonly>true</readonly>
         <executable>true</executable>
         <run_address>0x180b0</run_address>
         <size>0x4c</size>
         <alignment>0x2</alignment>
         <input_file_ref idref="fl-1"/>
      </object_component>
      <object_component id="oc-279">
         <name>.text.HOSTclose</name>
         <load_address>0x180fc</load_address>
         <readonly>true</readonly>
         <executable>true</executable>
         <run_address>0x180fc</run_address>
         <size>0x48</size>
         <alignment>0x4</alignment>
         <input_file_ref idref="fl-fc"/>
      </object_component>
      <object_component id="oc-289">
         <name>.text.HOSTunlink</name>
         <load_address>0x18144</load_address>
         <readonly>true</readonly>
         <executable>true</executable>
         <run_address>0x18144</run_address>
         <size>0x48</size>
         <alignment>0x4</alignment>
         <input_file_ref idref="fl-101"/>
      </object_component>
      <object_component id="oc-203">
         <name>.text._Z14SPI_OutCommandc</name>
         <load_address>0x1818c</load_address>
         <readonly>true</readonly>
         <executable>true</executable>
         <run_address>0x1818c</run_address>
         <size>0x48</size>
         <alignment>0x4</alignment>
         <input_file_ref idref="fl-9"/>
      </object_component>
      <object_component id="oc-183">
         <name>.text._Z14SysTick_IntArmjj</name>
         <load_address>0x181d4</load_address>
         <readonly>true</readonly>
         <executable>true</executable>
         <run_address>0x181d4</run_address>
         <size>0x48</size>
         <alignment>0x4</alignment>
         <input_file_ref idref="fl-d"/>
      </object_component>
      <object_component id="oc-a0">
         <name>.text.__cxx_global_var_init</name>
         <load_address>0x1821c</load_address>
         <readonly>true</readonly>
         <executable>true</executable>
         <run_address>0x1821c</run_address>
         <size>0x44</size>
         <alignment>0x4</alignment>
         <input_file_ref idref="fl-14"/>
      </object_component>
      <object_component id="oc-3e">
         <name>.text.TIMG7_IRQHandler</name>
         <load_address>0x18260</load_address>
         <readonly>true</readonly>
         <executable>true</executable>
         <run_address>0x18260</run_address>
         <size>0x40</size>
         <alignment>0x4</alignment>
         <input_file_ref idref="fl-f"/>
      </object_component>
      <object_component id="oc-2fb">
         <name>.text._Z9SPI_Resetv</name>
         <load_address>0x182a0</load_address>
         <readonly>true</readonly>
         <executable>true</executable>
         <run_address>0x182a0</run_address>
         <size>0x40</size>
         <alignment>0x4</alignment>
         <input_file_ref idref="fl-9"/>
      </object_component>
      <object_component id="oc-ed">
         <name>.text._ZN3BFS16animateStepFrameER14AnimationStateP5EnemyP9GameBoardPj</name>
         <load_address>0x182e0</load_address>
         <readonly>true</readonly>
         <executable>true</executable>
         <run_address>0x182e0</run_address>
         <size>0x40</size>
         <alignment>0x2</alignment>
         <input_file_ref idref="fl-1"/>
      </object_component>
      <object_component id="oc-75">
         <name>.text.__aeabi_uidivmod</name>
         <load_address>0x18320</load_address>
         <readonly>true</readonly>
         <executable>true</executable>
         <run_address>0x18320</run_address>
         <size>0x40</size>
         <alignment>0x4</alignment>
         <input_file_ref idref="fl-111"/>
      </object_component>
      <object_component id="oc-219">
         <name>.text._search_fp</name>
         <load_address>0x18360</load_address>
         <readonly>true</readonly>
         <executable>true</executable>
         <run_address>0x18360</run_address>
         <size>0x40</size>
         <alignment>0x4</alignment>
         <input_file_ref idref="fl-3a"/>
      </object_component>
      <object_component id="oc-43">
         <name>.text.TIMG12_IRQHandler</name>
         <load_address>0x183a0</load_address>
         <readonly>true</readonly>
         <executable>true</executable>
         <run_address>0x183a0</run_address>
         <size>0x3c</size>
         <alignment>0x4</alignment>
         <input_file_ref idref="fl-7"/>
      </object_component>
      <object_component id="oc-1bb">
         <name>.text._ZN14AnimationStateC2Ebiiiii</name>
         <load_address>0x183dc</load_address>
         <readonly>true</readonly>
         <executable>true</executable>
         <run_address>0x183dc</run_address>
         <size>0x3c</size>
         <alignment>0x2</alignment>
         <input_file_ref idref="fl-1"/>
      </object_component>
      <object_component id="oc-1d2">
         <name>.text._Z11SPI_OutDatac</name>
         <load_address>0x18418</load_address>
         <readonly>true</readonly>
         <executable>true</executable>
         <run_address>0x18418</run_address>
         <size>0x38</size>
         <alignment>0x4</alignment>
         <input_file_ref idref="fl-9"/>
      </object_component>
      <object_component id="oc-1c0">
         <name>.text._Z11Sound_StartPKhj</name>
         <load_address>0x18450</load_address>
         <readonly>true</readonly>
         <executable>true</executable>
         <run_address>0x18450</run_address>
         <size>0x38</size>
         <alignment>0x4</alignment>
         <input_file_ref idref="fl-d"/>
      </object_component>
      <object_component id="oc-15a">
         <name>.text._Z15ActivatePortA_Bv</name>
         <load_address>0x18488</load_address>
         <readonly>true</readonly>
         <executable>true</executable>
         <run_address>0x18488</run_address>
         <size>0x38</size>
         <alignment>0x4</alignment>
         <input_file_ref idref="fl-8"/>
      </object_component>
      <object_component id="oc-1cb">
         <name>.text._ZN9Character14decrementLivesER9GameBoard</name>
         <load_address>0x184c0</load_address>
         <readonly>true</readonly>
         <executable>true</executable>
         <run_address>0x184c0</run_address>
         <size>0x38</size>
         <alignment>0x2</alignment>
         <input_file_ref idref="fl-11"/>
      </object_component>
      <object_component id="oc-e4">
         <name>.text._ZN9GameBoard12spawnMonsterEii</name>
         <load_address>0x184f8</load_address>
         <readonly>true</readonly>
         <executable>true</executable>
         <run_address>0x184f8</run_address>
         <size>0x38</size>
         <alignment>0x2</alignment>
         <input_file_ref idref="fl-14"/>
      </object_component>
      <object_component id="oc-1b1">
         <name>.text.rand</name>
         <load_address>0x18530</load_address>
         <readonly>true</readonly>
         <executable>true</executable>
         <run_address>0x18530</run_address>
         <size>0x38</size>
         <alignment>0x4</alignment>
         <input_file_ref idref="fl-4a"/>
      </object_component>
      <object_component id="oc-170">
         <name>.text._Z12ST7735_writeiPKcj</name>
         <load_address>0x18568</load_address>
         <readonly>true</readonly>
         <executable>true</executable>
         <run_address>0x18568</run_address>
         <size>0x34</size>
         <alignment>0x2</alignment>
         <input_file_ref idref="fl-a"/>
      </object_component>
      <object_component id="oc-d7">
         <name>.text._Z14Clock_Delay1msj</name>
         <load_address>0x1859c</load_address>
         <readonly>true</readonly>
         <executable>true</executable>
         <run_address>0x1859c</run_address>
         <size>0x34</size>
         <alignment>0x4</alignment>
         <input_file_ref idref="fl-3"/>
      </object_component>
      <object_component id="oc-fe">
         <name>.text._Z16ST7735_SetCursorjj</name>
         <load_address>0x185d0</load_address>
         <readonly>true</readonly>
         <executable>true</executable>
         <run_address>0x185d0</run_address>
         <size>0x34</size>
         <alignment>0x4</alignment>
         <input_file_ref idref="fl-a"/>
      </object_component>
      <object_component id="oc-c9">
         <name>.text._Z8LED_Initv</name>
         <load_address>0x18604</load_address>
         <readonly>true</readonly>
         <executable>true</executable>
         <run_address>0x18604</run_address>
         <size>0x34</size>
         <alignment>0x4</alignment>
         <input_file_ref idref="fl-6"/>
      </object_component>
      <object_component id="oc-226">
         <name>.text.__TI_cleanup</name>
         <load_address>0x18638</load_address>
         <readonly>true</readonly>
         <executable>true</executable>
         <run_address>0x18638</run_address>
         <size>0x34</size>
         <alignment>0x4</alignment>
         <input_file_ref idref="fl-3a"/>
      </object_component>
      <object_component id="oc-303">
         <name>.text.__TI_readmsg</name>
         <load_address>0x1866c</load_address>
         <readonly>true</readonly>
         <executable>true</executable>
         <run_address>0x1866c</run_address>
         <size>0x34</size>
         <alignment>0x4</alignment>
         <input_file_ref idref="fl-103"/>
      </object_component>
      <object_component id="oc-2fd">
         <name>.text.__TI_writemsg</name>
         <load_address>0x186a0</load_address>
         <readonly>true</readonly>
         <executable>true</executable>
         <run_address>0x186a0</run_address>
         <size>0x34</size>
         <alignment>0x4</alignment>
         <input_file_ref idref="fl-103"/>
      </object_component>
      <object_component id="oc-14d">
         <name>.text.__cxx_global_array_dtor</name>
         <load_address>0x186d4</load_address>
         <readonly>true</readonly>
         <executable>true</executable>
         <run_address>0x186d4</run_address>
         <size>0x34</size>
         <alignment>0x4</alignment>
         <input_file_ref idref="fl-14"/>
      </object_component>
      <object_component id="oc-12c">
         <name>.text.exit</name>
         <load_address>0x18708</load_address>
         <readonly>true</readonly>
         <executable>true</executable>
         <run_address>0x18708</run_address>
         <size>0x34</size>
         <alignment>0x4</alignment>
         <input_file_ref idref="fl-42"/>
      </object_component>
      <object_component id="oc-20d">
         <name>.text.finddevice</name>
         <load_address>0x1873c</load_address>
         <readonly>true</readonly>
         <executable>true</executable>
         <run_address>0x1873c</run_address>
         <size>0x34</size>
         <alignment>0x4</alignment>
         <input_file_ref idref="fl-117"/>
      </object_component>
      <object_component id="oc-168">
         <name>.text.freopen</name>
         <load_address>0x18770</load_address>
         <readonly>true</readonly>
         <executable>true</executable>
         <run_address>0x18770</run_address>
         <size>0x34</size>
         <alignment>0x4</alignment>
         <input_file_ref idref="fl-3a"/>
      </object_component>
      <object_component id="oc-1cc">
         <name>.text._Z14resetCharacterR9CharacterR9GameBoard</name>
         <load_address>0x187a4</load_address>
         <readonly>true</readonly>
         <executable>true</executable>
         <run_address>0x187a4</run_address>
         <size>0x32</size>
         <alignment>0x2</alignment>
         <input_file_ref idref="fl-5"/>
      </object_component>
      <object_component id="oc-201">
         <name>.text._ZL10commonInitPKh</name>
         <load_address>0x187d8</load_address>
         <readonly>true</readonly>
         <executable>true</executable>
         <run_address>0x187d8</run_address>
         <size>0x30</size>
         <alignment>0x4</alignment>
         <input_file_ref idref="fl-a"/>
      </object_component>
      <object_component id="oc-141">
         <name>.text._ZN4TileC2Ev</name>
         <load_address>0x18808</load_address>
         <readonly>true</readonly>
         <executable>true</executable>
         <run_address>0x18808</run_address>
         <size>0x30</size>
         <alignment>0x4</alignment>
         <input_file_ref idref="fl-16"/>
      </object_component>
      <object_component id="oc-162">
         <name>.text.fopen</name>
         <load_address>0x18838</load_address>
         <readonly>true</readonly>
         <executable>true</executable>
         <run_address>0x18838</run_address>
         <size>0x30</size>
         <alignment>0x4</alignment>
         <input_file_ref idref="fl-3a"/>
      </object_component>
      <object_component id="oc-19e">
         <name>.text._ZN4Tile8drawTileEv</name>
         <load_address>0x18868</load_address>
         <readonly>true</readonly>
         <executable>true</executable>
         <run_address>0x18868</run_address>
         <size>0x2e</size>
         <alignment>0x2</alignment>
         <input_file_ref idref="fl-16"/>
      </object_component>
      <object_component id="oc-204">
         <name>.text._Z17ST7735_FillScreent</name>
         <load_address>0x18898</load_address>
         <readonly>true</readonly>
         <executable>true</executable>
         <run_address>0x18898</run_address>
         <size>0x2c</size>
         <alignment>0x4</alignment>
         <input_file_ref idref="fl-a"/>
      </object_component>
      <object_component id="oc-1f8">
         <name>.text._ZN11DisplayableC2EPKthh</name>
         <load_address>0x188c4</load_address>
         <readonly>true</readonly>
         <executable>true</executable>
         <run_address>0x188c4</run_address>
         <size>0x2c</size>
         <alignment>0x4</alignment>
         <input_file_ref idref="fl-12"/>
      </object_component>
      <object_component id="oc-263">
         <name>.text._ZN9Character7respawnER9GameBoard</name>
         <load_address>0x188f0</load_address>
         <readonly>true</readonly>
         <executable>true</executable>
         <run_address>0x188f0</run_address>
         <size>0x2c</size>
         <alignment>0x2</alignment>
         <input_file_ref idref="fl-11"/>
      </object_component>
      <object_component id="oc-326">
         <name>.text.unlink</name>
         <load_address>0x1891c</load_address>
         <readonly>true</readonly>
         <executable>true</executable>
         <run_address>0x1891c</run_address>
         <size>0x2c</size>
         <alignment>0x4</alignment>
         <input_file_ref idref="fl-fb"/>
      </object_component>
      <object_component id="oc-113">
         <name>.text._ZN9Character13drawCharacterEv</name>
         <load_address>0x18948</load_address>
         <readonly>true</readonly>
         <executable>true</executable>
         <run_address>0x18948</run_address>
         <size>0x2a</size>
         <alignment>0x2</alignment>
         <input_file_ref idref="fl-11"/>
      </object_component>
      <object_component id="oc-c4">
         <name>.text._Z11Switch_Initv</name>
         <load_address>0x18974</load_address>
         <readonly>true</readonly>
         <executable>true</executable>
         <run_address>0x18974</run_address>
         <size>0x28</size>
         <alignment>0x4</alignment>
         <input_file_ref idref="fl-e"/>
      </object_component>
      <object_component id="oc-185">
         <name>.text._Z9ADC_StartP10ADC12_Regs</name>
         <load_address>0x1899c</load_address>
         <readonly>true</readonly>
         <executable>true</executable>
         <run_address>0x1899c</run_address>
         <size>0x28</size>
         <alignment>0x4</alignment>
         <input_file_ref idref="fl-f"/>
      </object_component>
      <object_component id="oc-2ae">
         <name>.text.free_list_insert</name>
         <load_address>0x189c4</load_address>
         <readonly>true</readonly>
         <executable>true</executable>
         <run_address>0x189c4</run_address>
         <size>0x28</size>
         <alignment>0x4</alignment>
         <input_file_ref idref="fl-49"/>
      </object_component>
      <object_component id="oc-3b0">
         <name>.text.lseek</name>
         <load_address>0x189ec</load_address>
         <readonly>true</readonly>
         <executable>true</executable>
         <run_address>0x189ec</run_address>
         <size>0x28</size>
         <alignment>0x4</alignment>
         <input_file_ref idref="fl-f8"/>
      </object_component>
      <object_component id="oc-2dd">
         <name>.text.write</name>
         <load_address>0x18a14</load_address>
         <readonly>true</readonly>
         <executable>true</executable>
         <run_address>0x18a14</run_address>
         <size>0x28</size>
         <alignment>0x4</alignment>
         <input_file_ref idref="fl-f4"/>
      </object_component>
      <object_component id="oc-63">
         <name>.text:_c_int00_noargs</name>
         <load_address>0x18a3c</load_address>
         <readonly>true</readonly>
         <executable>true</executable>
         <run_address>0x18a3c</run_address>
         <size>0x28</size>
         <alignment>0x4</alignment>
         <input_file_ref idref="fl-4e"/>
      </object_component>
      <object_component id="oc-ff">
         <name>.text._Z16ST7735_OutStringPc</name>
         <load_address>0x18a64</load_address>
         <readonly>true</readonly>
         <executable>true</executable>
         <run_address>0x18a64</run_address>
         <size>0x26</size>
         <alignment>0x2</alignment>
         <input_file_ref idref="fl-a"/>
      </object_component>
      <object_component id="oc-252">
         <name>.text._ZL17operator_new_implj</name>
         <load_address>0x18a8a</load_address>
         <readonly>true</readonly>
         <executable>true</executable>
         <run_address>0x18a8a</run_address>
         <size>0x26</size>
         <alignment>0x2</alignment>
         <input_file_ref idref="fl-f0"/>
      </object_component>
      <object_component id="oc-196">
         <name>.text._ZN11DisplayableC2Ev</name>
         <load_address>0x18ab0</load_address>
         <readonly>true</readonly>
         <executable>true</executable>
         <run_address>0x18ab0</run_address>
         <size>0x24</size>
         <alignment>0x4</alignment>
         <input_file_ref idref="fl-12"/>
      </object_component>
      <object_component id="oc-25d">
         <name>.text._ZNSt3__14pairIiiE4swapB8nn180100ERS1_</name>
         <load_address>0x18ad4</load_address>
         <readonly>true</readonly>
         <executable>true</executable>
         <run_address>0x18ad4</run_address>
         <size>0x22</size>
         <alignment>0x2</alignment>
         <input_file_ref idref="fl-1"/>
      </object_component>
      <object_component id="oc-2b2">
         <name>.text.memccpy</name>
         <load_address>0x18af6</load_address>
         <readonly>true</readonly>
         <executable>true</executable>
         <run_address>0x18af6</run_address>
         <size>0x22</size>
         <alignment>0x2</alignment>
         <input_file_ref idref="fl-48"/>
      </object_component>
      <object_component id="oc-198">
         <name>.text._ZN4Tile13setImageIndexEh</name>
         <load_address>0x18b18</load_address>
         <readonly>true</readonly>
         <executable>true</executable>
         <run_address>0x18b18</run_address>
         <size>0x20</size>
         <alignment>0x4</alignment>
         <input_file_ref idref="fl-16"/>
      </object_component>
      <object_component id="oc-e1">
         <name>.text._ZN9GameBoardC2Ev</name>
         <load_address>0x18b38</load_address>
         <readonly>true</readonly>
         <executable>true</executable>
         <run_address>0x18b38</run_address>
         <size>0x20</size>
         <alignment>0x4</alignment>
         <input_file_ref idref="fl-7"/>
      </object_component>
      <object_component id="oc-389">
         <name>.text._ZL9pushColort</name>
         <load_address>0x18b58</load_address>
         <readonly>true</readonly>
         <executable>true</executable>
         <run_address>0x18b58</run_address>
         <size>0x1e</size>
         <alignment>0x2</alignment>
         <input_file_ref idref="fl-a"/>
      </object_component>
      <object_component id="oc-1ba">
         <name>.text._ZNK4Tile8isBrokenEv</name>
         <load_address>0x18b76</load_address>
         <readonly>true</readonly>
         <executable>true</executable>
         <run_address>0x18b76</run_address>
         <size>0x1e</size>
         <alignment>0x2</alignment>
         <input_file_ref idref="fl-16"/>
      </object_component>
      <object_component id="oc-2f6">
         <name>.text._ZNSt3__14swapB8nn180100IiEENS_9enable_ifIXaasr21is_move_constructibleIT_EE5valuesr18is_move_assignableIS2_EE5valueEvE4typeERS2_S5_</name>
         <load_address>0x18b94</load_address>
         <readonly>true</readonly>
         <executable>true</executable>
         <run_address>0x18b94</run_address>
         <size>0x1e</size>
         <alignment>0x2</alignment>
         <input_file_ref idref="fl-1"/>
      </object_component>
      <object_component id="oc-37">
         <name>.text.Default_Handler</name>
         <load_address>0x18bb4</load_address>
         <readonly>true</readonly>
         <executable>true</executable>
         <run_address>0x18bb4</run_address>
         <size>0x1c</size>
         <alignment>0x4</alignment>
         <input_file_ref idref="fl-17"/>
      </object_component>
      <object_component id="oc-38">
         <name>.text.HardFault_Handler</name>
         <load_address>0x18bd0</load_address>
         <readonly>true</readonly>
         <executable>true</executable>
         <run_address>0x18bd0</run_address>
         <size>0x1c</size>
         <alignment>0x4</alignment>
         <input_file_ref idref="fl-17"/>
      </object_component>
      <object_component id="oc-2ac">
         <name>.text.free_list_remove</name>
         <load_address>0x18bec</load_address>
         <readonly>true</readonly>
         <executable>true</executable>
         <run_address>0x18bec</run_address>
         <size>0x1c</size>
         <alignment>0x4</alignment>
         <input_file_ref idref="fl-49"/>
      </object_component>
      <object_component id="oc-1b0">
[...]
         <value>0x18bb5</value>
         <object_component_ref idref="oc-37"/>
      </symbol>
      <symbol id="sm-2f6">
         <name>SVC_Handler</name>
         <value>0x18bb5</value>
         <object_component_ref idref="oc-37"/>
      </symbol>
      <symbol id="sm-2f7">
         <name>PendSV_Handler</name>
         <value>0x18bb5</value>
         <object_component_ref idref="oc-37"/>
      </symbol>
      <symbol id="sm-2f8">
         <name>GROUP0_IRQHandler</name>
         <value>0x18bb5</value>
         <object_component_ref idref="oc-37"/>
      </symbol>
      <symbol id="sm-2f9">
         <name>GROUP1_IRQHandler</name>
         <value>0x18bb5</value>
         <object_component_ref idref="oc-37"/>
      </symbol>
      <symbol id="sm-2fa">
         <name>TIMG8_IRQHandler</name>
         <value>0x18bb5</value>
         <object_component_ref idref="oc-37"/>
      </symbol>
      <symbol id="sm-2fb">
         <name>UART3_IRQHandler</name>
         <value>0x18bb5</value>
         <object_component_ref idref="oc-37"/>
      </symbol>
      <symbol id="sm-2fc">
         <name>ADC0_IRQHandler</name>
         <value>0x18bb5</value>
         <object_component_ref idref="oc-37"/>
      </symbol>
      <symbol id="sm-2fd">
         <name>ADC1_IRQHandler</name>
         <value>0x18bb5</value>
         <object_component_ref idref="oc-37"/>
      </symbol>
      <symbol id="sm-2fe">
         <name>CANFD0_IRQHandler</name>
         <value>0x18bb5</value>
         <object_component_ref idref="oc-37"/>
      </symbol>
      <symbol id="sm-2ff">
         <name>DAC0_IRQHandler</name>
         <value>0x18bb5</value>
         <object_component_ref idref="oc-37"/>
      </symbol>
      <symbol id="sm-300">
         <name>SPI0_IRQHandler</name>
         <value>0x18bb5</value>
         <object_component_ref idref="oc-37"/>
      </symbol>
      <symbol id="sm-301">
         <name>SPI1_IRQHandler</name>
         <value>0x18bb5</value>
         <object_component_ref idref="oc-37"/>
      </symbol>
      <symbol id="sm-302">
         <name>UART1_IRQHandler</name>
         <value>0x18bb5</value>
         <object_component_ref idref="oc-37"/>
      </symbol>
      <symbol id="sm-303">
         <name>UART2_IRQHandler</name>
         <value>0x18bb5</value>
         <object_component_ref idref="oc-37"/>
      </symbol>
      <symbol id="sm-304">
         <name>UART0_IRQHandler</name>
         <value>0x18bb5</value>
         <object_component_ref idref="oc-37"/>
      </symbol>
      <symbol id="sm-305">
         <name>TIMG0_IRQHandler</name>
         <value>0x18bb5</value>
         <object_component_ref idref="oc-37"/>
      </symbol>
      <symbol id="sm-306">
         <name>TIMG6_IRQHandler</name>
         <value>0x18bb5</value>
         <object_component_ref idref="oc-37"/>
      </symbol>
      <symbol id="sm-307">
         <name>TIMA0_IRQHandler</name>
         <value>0x18bb5</value>
         <object_component_ref idref="oc-37"/>
      </symbol>
      <symbol id="sm-308">
         <name>TIMA1_IRQHandler</name>
         <value>0x18bb5</value>
         <object_component_ref idref="oc-37"/>
      </symbol>
      <symbol id="sm-309">
         <name>I2C0_IRQHandler</name>
         <value>0x18bb5</value>
         <object_component_ref idref="oc-37"/>
      </symbol>
      <symbol id="sm-30a">
         <name>I2C1_IRQHandler</name>
         <value>0x18bb5</value>
         <object_component_ref idref="oc-37"/>
      </symbol>
      <symbol id="sm-30b">
         <name>AES_IRQHandler</name>
         <value>0x18bb5</value>
         <object_component_ref idref="oc-37"/>
      </symbol>
      <symbol id="sm-30c">
         <name>RTC_IRQHandler</name>
         <value>0x18bb5</value>
         <object_component_ref idref="oc-37"/>
      </symbol>
      <symbol id="sm-30d">
         <name>DMA_IRQHandler</name>
         <value>0x18bb5</value>
         <object_component_ref idref="oc-37"/>
      </symbol>
      <symbol id="sm-30e">
         <name>__TI_ATRegion0_src_addr</name>
         <value>0x0</value>
      </symbol>
      <symbol id="sm-30f">
         <name>__TI_ATRegion0_trg_addr</name>
         <value>0x0</value>
      </symbol>
      <symbol id="sm-310">
         <name>__TI_ATRegion0_region_sz</name>
         <value>0x0</value>
      </symbol>
      <symbol id="sm-311">
         <name>__TI_ATRegion1_src_addr</name>
         <value>0x0</value>
      </symbol>
      <symbol id="sm-312">
         <name>__TI_ATRegion1_trg_addr</name>
         <value>0x0</value>
      </symbol>
      <symbol id="sm-313">
         <name>__TI_ATRegion1_region_sz</name>
         <value>0x0</value>
      </symbol>
      <symbol id="sm-314">
         <name>__TI_ATRegion2_src_addr</name>
         <value>0x0</value>
      </symbol>
      <symbol id="sm-315">
         <name>__TI_ATRegion2_trg_addr</name>
         <value>0x0</value>
      </symbol>
      <symbol id="sm-316">
         <name>__TI_ATRegion2_region_sz</name>
         <value>0x0</value>
      </symbol>
      <symbol id="sm-327">
         <name>printf</name>
         <value>0x17ca9</value>
         <object_component_ref idref="oc-d0"/>
      </symbol>
      <symbol id="sm-33d">
         <name>__TI_printfi_minimal</name>
         <value>0x152e9</value>
         <object_component_ref idref="oc-22d"/>
      </symbol>
      <symbol id="sm-356">
         <name>fopen</name>
         <value>0x18839</value>
         <object_component_ref idref="oc-162"/>
      </symbol>
      <symbol id="sm-357">
         <name>__TI_cleanup</name>
         <value>0x18639</value>
         <object_component_ref idref="oc-226"/>
      </symbol>
      <symbol id="sm-358">
         <name>freopen</name>
         <value>0x18771</value>
         <object_component_ref idref="oc-168"/>
      </symbol>
      <symbol id="sm-363">
         <name>fputc</name>
         <value>0x16e75</value>
         <object_component_ref idref="oc-241"/>
      </symbol>
      <symbol id="sm-36e">
         <name>fputs</name>
         <value>0x16201</value>
         <object_component_ref idref="oc-23b"/>
      </symbol>
      <symbol id="sm-378">
         <name>__TI_wrt_ok</name>
         <value>0x17b81</value>
         <object_component_ref idref="oc-2d7"/>
      </symbol>
      <symbol id="sm-382">
         <name>setvbuf</name>
         <value>0x16799</value>
         <object_component_ref idref="oc-169"/>
      </symbol>
      <symbol id="sm-39b">
         <name>__cxa_ia64_exit</name>
         <value>0x19085</value>
         <object_component_ref idref="oc-26a"/>
      </symbol>
      <symbol id="sm-39c">
         <name>__cxa_atexit</name>
         <value>0x18e71</value>
         <object_component_ref idref="oc-146"/>
      </symbol>
      <symbol id="sm-39d">
         <name>__cxa_finalize</name>
         <value>0x1789d</value>
         <object_component_ref idref="oc-2fa"/>
      </symbol>
      <symbol id="sm-3ab">
         <name>abort</name>
         <value>0x190b9</value>
         <object_component_ref idref="oc-127"/>
      </symbol>
      <symbol id="sm-3ac">
         <name>C$$EXIT</name>
         <value>0x190b8</value>
         <object_component_ref idref="oc-127"/>
      </symbol>
      <symbol id="sm-3ad">
         <name>__dso_handle</name>
         <value>0x20200700</value>
         <object_component_ref idref="oc-14e"/>
      </symbol>
      <symbol id="sm-3ae">
         <name>__TI_cleanup_ptr</name>
         <value>0x202006d4</value>
         <object_component_ref idref="oc-1f1"/>
      </symbol>
      <symbol id="sm-3af">
         <name>__TI_dtors_ptr</name>
         <value>0x202006d8</value>
         <object_component_ref idref="oc-1f1"/>
      </symbol>
      <symbol id="sm-3b0">
         <name>exit</name>
         <value>0x18709</value>
         <object_component_ref idref="oc-12c"/>
      </symbol>
      <symbol id="sm-3b9">
         <name>_nop</name>
         <value>0x163eb</value>
         <object_component_ref idref="oc-235"/>
      </symbol>
      <symbol id="sm-3ba">
         <name>_lock</name>
         <value>0x20200704</value>
         <object_component_ref idref="oc-18a"/>
      </symbol>
      <symbol id="sm-3bb">
         <name>_unlock</name>
         <value>0x20200708</value>
         <object_component_ref idref="oc-18e"/>
      </symbol>
      <symbol id="sm-3c3">
         <name>_ftable</name>
         <value>0x202004a4</value>
         <object_component_ref idref="oc-177"/>
      </symbol>
      <symbol id="sm-3c4">
         <name>__TI_ft_end</name>
         <value>0x202006f8</value>
         <object_component_ref idref="oc-296"/>
      </symbol>
      <symbol id="sm-3c5">
         <name>__TI_tmpnams</name>
         <value>0x20200858</value>
         <object_component_ref idref="oc-2a9"/>
      </symbol>
      <symbol id="sm-3ce">
         <name>memccpy</name>
         <value>0x18af7</value>
         <object_component_ref idref="oc-2b2"/>
      </symbol>
      <symbol id="sm-3f1">
         <name>malloc</name>
         <value>0x19021</value>
         <object_component_ref idref="oc-225"/>
      </symbol>
      <symbol id="sm-3f2">
         <name>aligned_alloc</name>
         <value>0x15ff5</value>
         <object_component_ref idref="oc-2af"/>
      </symbol>
      <symbol id="sm-3f3">
         <name>free</name>
         <value>0x166b1</value>
         <object_component_ref idref="oc-223"/>
      </symbol>
      <symbol id="sm-3f4">
         <name>_sys_memory</name>
         <value>0x202009a8</value>
         <object_component_ref idref="oc-31"/>
      </symbol>
      <symbol id="sm-3f5">
         <name>memalign</name>
         <value>0x15ff5</value>
         <object_component_ref idref="oc-2af"/>
      </symbol>
      <symbol id="sm-402">
         <name>rand</name>
         <value>0x18531</value>
         <object_component_ref idref="oc-1b1"/>
      </symbol>
      <symbol id="sm-40c">
         <name>__TI_zero_init_nomemset</name>
         <value>0x18d69</value>
         <object_component_ref idref="oc-5a"/>
      </symbol>
      <symbol id="sm-415">
         <name>__TI_decompress_none</name>
         <value>0x18ef1</value>
         <object_component_ref idref="oc-20"/>
      </symbol>
      <symbol id="sm-420">
         <name>__TI_decompress_lzss</name>
         <value>0x17579</value>
         <object_component_ref idref="oc-1c"/>
      </symbol>
      <symbol id="sm-42b">
         <name>_c_int00_noargs</name>
         <value>0x18a3d</value>
         <object_component_ref idref="oc-63"/>
      </symbol>
      <symbol id="sm-42c">
         <name>__stack</name>
         <value>0x20207e00</value>
         <object_component_ref idref="oc-1a"/>
      </symbol>
      <symbol id="sm-43b">
         <name>__TI_closefile</name>
         <value>0x174fd</value>
         <object_component_ref idref="oc-21d"/>
      </symbol>
      <symbol id="sm-445">
         <name>__TI_doflush</name>
         <value>0x1800d</value>
         <object_component_ref idref="oc-29b"/>
      </symbol>
      <symbol id="sm-452">
         <name>fseek</name>
         <value>0x1909d</value>
         <object_component_ref idref="oc-377"/>
      </symbol>
      <symbol id="sm-453">
         <name>fseeko</name>
         <value>0x17909</value>
         <object_component_ref idref="oc-3a7"/>
      </symbol>
      <symbol id="sm-45f">
         <name>__TI_auto_init_nobinit</name>
         <value>0x17fb9</value>
         <object_component_ref idref="oc-134"/>
      </symbol>
      <symbol id="sm-467">
         <name>_system_pre_init</name>
         <value>0x190b1</value>
         <object_component_ref idref="oc-90"/>
      </symbol>
      <symbol id="sm-47b">
         <name>_Znwj</name>
         <value>0x18e5d</value>
         <object_component_ref idref="oc-19f"/>
      </symbol>
      <symbol id="sm-47c">
         <name>_Z22__throw_bad_alloc_shimv</name>
         <value>0x18fb5</value>
         <object_component_ref idref="oc-253"/>
      </symbol>
      <symbol id="sm-47d">
         <name>_ZdlPv</name>
         <value>0x19075</value>
         <object_component_ref idref="oc-2e6"/>
      </symbol>
      <symbol id="sm-488">
         <name>_ZSt15get_new_handlerv</name>
         <value>0x19009</value>
         <object_component_ref idref="oc-2e7"/>
      </symbol>
      <symbol id="sm-491">
         <name>abort_message</name>
         <value>0x190b5</value>
         <object_component_ref idref="oc-2ed"/>
      </symbol>
      <symbol id="sm-498">
         <name>__cxa_new_handler</name>
         <value>0x202006fc</value>
         <object_component_ref idref="oc-382"/>
      </symbol>
      <symbol id="sm-4a2">
         <name>write</name>
         <value>0x18a15</value>
         <object_component_ref idref="oc-2dd"/>
      </symbol>
      <symbol id="sm-4a7">
         <name>_device</name>
         <value>0x20200594</value>
         <object_component_ref idref="oc-214"/>
      </symbol>
      <symbol id="sm-4a8">
         <name>_stream</name>
         <value>0x2020060c</value>
         <object_component_ref idref="oc-31d"/>
      </symbol>
      <symbol id="sm-4b1">
         <name>remove</name>
         <value>0x190a5</value>
         <object_component_ref idref="oc-2a5"/>
      </symbol>
      <symbol id="sm-4bd">
         <name>open</name>
         <value>0x16c9d</value>
         <object_component_ref idref="oc-297"/>
      </symbol>
      <symbol id="sm-4c7">
         <name>lseek</name>
         <value>0x189ed</value>
         <object_component_ref idref="oc-3b0"/>
      </symbol>
      <symbol id="sm-4d1">
         <name>close</name>
         <value>0x18061</value>
         <object_component_ref idref="oc-2a1"/>
      </symbol>
      <symbol id="sm-4dd">
         <name>add_device</name>
         <value>0x164dd</value>
         <object_component_ref idref="oc-15e"/>
      </symbol>
      <symbol id="sm-4e7">
         <name>unlink</name>
         <value>0x1891d</value>
         <object_component_ref idref="oc-326"/>
      </symbol>
      <symbol id="sm-4f1">
         <name>HOSTclose</name>
         <value>0x180fd</value>
         <object_component_ref idref="oc-279"/>
      </symbol>
      <symbol id="sm-4fb">
         <name>HOSTlseek</name>
         <value>0x177c5</value>
         <object_component_ref idref="oc-285"/>
      </symbol>
      <symbol id="sm-505">
         <name>HOSTopen</name>
         <value>0x17c49</value>
         <object_component_ref idref="oc-275"/>
      </symbol>
      <symbol id="sm-506">
         <name>parmbuf</name>
         <value>0x20200980</value>
         <object_component_ref idref="oc-304"/>
      </symbol>
      <symbol id="sm-510">
         <name>HOSTread</name>
         <value>0x17d05</value>
         <object_component_ref idref="oc-27d"/>
      </symbol>
      <symbol id="sm-521">
         <name>HOSTrename</name>
         <value>0x17831</value>
         <object_component_ref idref="oc-28d"/>
      </symbol>
      <symbol id="sm-52b">
         <name>HOSTunlink</name>
         <value>0x18145</value>
         <object_component_ref idref="oc-289"/>
      </symbol>
      <symbol id="sm-535">
         <name>HOSTwrite</name>
         <value>0x17d5d</value>
         <object_component_ref idref="oc-281"/>
      </symbol>
      <symbol id="sm-543">
         <name>C$$IO$$</name>
         <value>0x186cd</value>
         <object_component_ref idref="oc-2fd"/>
      </symbol>
      <symbol id="sm-544">
         <name>__TI_writemsg</name>
         <value>0x186a1</value>
         <object_component_ref idref="oc-2fd"/>
      </symbol>
      <symbol id="sm-545">
         <name>__CIOBUF_</name>
         <value>0x20200738</value>
         <object_component_ref idref="oc-38a"/>
      </symbol>
      <symbol id="sm-546">
         <name>__TI_readmsg</name>
         <value>0x1866d</value>
         <object_component_ref idref="oc-303"/>
      </symbol>
      <symbol id="sm-547">
         <name>_CIOBUF_</name>
         <value>0x20200738</value>
         <object_component_ref idref="oc-38a"/>
      </symbol>
      <symbol id="sm-54d">
         <name>__aeabi_idiv</name>
         <value>0x17e65</value>
         <object_component_ref idref="oc-114"/>
      </symbol>
      <symbol id="sm-54e">
         <name>__aeabi_idivmod</name>
         <value>0x17e65</value>
         <object_component_ref idref="oc-114"/>
      </symbol>
      <symbol id="sm-554">
         <name>__aeabi_memcpy</name>
         <value>0x1907d</value>
         <object_component_ref idref="oc-53"/>
      </symbol>
      <symbol id="sm-555">
         <name>__aeabi_memcpy4</name>
         <value>0x1907d</value>
         <object_component_ref idref="oc-53"/>
      </symbol>
      <symbol id="sm-556">
         <name>__aeabi_memcpy8</name>
         <value>0x1907d</value>
         <object_component_ref idref="oc-53"/>
      </symbol>
      <symbol id="sm-55f">
         <name>__aeabi_memset</name>
         <value>0x18f61</value>
         <object_component_ref idref="oc-2b1"/>
      </symbol>
      <symbol id="sm-560">
         <name>__aeabi_memset4</name>
         <value>0x18f61</value>
         <object_component_ref idref="oc-2b1"/>
      </symbol>
      <symbol id="sm-561">
         <name>__aeabi_memset8</name>
         <value>0x18f61</value>
         <object_component_ref idref="oc-2b1"/>
      </symbol>
      <symbol id="sm-562">
         <name>__aeabi_memclr</name>
         <value>0x19015</value>
         <object_component_ref idref="oc-8b"/>
      </symbol>
      <symbol id="sm-563">
         <name>__aeabi_memclr4</name>
         <value>0x19015</value>
         <object_component_ref idref="oc-8b"/>
      </symbol>
      <symbol id="sm-564">
         <name>__aeabi_memclr8</name>
         <value>0x19015</value>
         <object_component_ref idref="oc-8b"/>
      </symbol>
      <symbol id="sm-56a">
         <name>__aeabi_uidiv</name>
         <value>0x18321</value>
         <object_component_ref idref="oc-75"/>
      </symbol>
      <symbol id="sm-56b">
         <name>__aeabi_uidivmod</name>
         <value>0x18321</value>
         <object_component_ref idref="oc-75"/>
      </symbol>
      <symbol id="sm-576">
         <name>__aeabi_idiv0</name>
         <value>0x152e7</value>
         <object_component_ref idref="oc-a3"/>
      </symbol>
      <symbol id="sm-584">
         <name>finddevice</name>
         <value>0x1873d</value>
         <object_component_ref idref="oc-20d"/>
      </symbol>
      <symbol id="sm-585">
         <name>getdevice</name>
         <value>0x17975</value>
         <object_component_ref idref="oc-31b"/>
      </symbol>
      <symbol id="sm-58e">
         <name>TI_memcpy_small</name>
         <value>0x18edf</value>
         <object_component_ref idref="oc-a9"/>
      </symbol>
      <symbol id="sm-597">
         <name>TI_memset_small</name>
         <value>0x18f99</value>
         <object_component_ref idref="oc-153"/>
      </symbol>
      <symbol id="sm-59f">
         <name>strcmp</name>
         <value>0x171f1</value>
         <object_component_ref idref="oc-26f"/>
      </symbol>
      <symbol id="sm-5a0">
         <name>__TI_static_base__</name>
         <value>0x0</value>
      </symbol>
      <symbol id="sm-5a3">
         <name>__mpu_init</name>
         <value>0x0</value>
      </symbol>
      <symbol id="sm-5a4">
         <name>_system_post_cinit</name>
         <value>0x0</value>
      </symbol>
   </symbol_table>
   <title>Link successful</title>
</link_info>
