******************************************************************************
            TI ARM Clang Linker PC v4.0.1                      
******************************************************************************
>> Linked Thu Apr 24 13:09:30 2025

OUTPUT FILE NAME:   <ECE319K_Lab9H.out>
ENTRY POINT SYMBOL: "_c_int00_noargs"  address: 00018a3d


MEMORY CONFIGURATION

         name            origin    length      used     unused   attr    fill
----------------------  --------  ---------  --------  --------  ----  --------
  FLASH                 00000000   00020000  000191d8  00006e28  R  X
  SRAM                  20200000   00008000  00000da1  0000725f  RW X
  BCR_CONFIG            41c00000   00000080  00000000  00000080  R   
  BSL_CONFIG            41c00100   00000080  00000000  00000080  R   


SEGMENT ALLOCATION MAP

run origin  load origin   length   init length attrs members
----------  ----------- ---------- ----------- ----- -------
00000000    00000000    000191d8   000191d8    r-x
  00000000    00000000    000000c0   000000c0    r-- .intvecs
  000000c0    000000c0    00014ab0   00014ab0    r-- .rodata
  00014b70    00014b70    00004550   00004550    r-x .text
  000190c0    000190c0    00000008   00000008    r-- .init_array
  000190c8    000190c8    00000110   00000110    r-- .cinit
20200000    20200000    00000ba8   00000000    rw-
  20200000    20200000    00000735   00000000    rw- .data
  20200738    20200738    0000026c   00000000    rw- .bss
  202009a8    202009a8    00000200   00000000    rw- .sysmem
20207e00    20207e00    00000200   00000000    rw-
  20207e00    20207e00    00000200   00000000    rw- .stack


SECTION ALLOCATION MAP

 output                                  attributes/
section   page    origin      length       input sections
--------  ----  ----------  ----------   ----------------
.intvecs   0    00000000    000000c0     
                  00000000    000000c0     startup_mspm0g3507_ticlang.o (.intvecs)

.binit     0    00000000    00000000     

.text      0    00014b70    00004550     
                  00014b70    0000044c     Lab9HMain.o (.text.main)
                  00014fbc    0000032a     BFS.o (.text._ZN3BFS22randomStepTowardPlayerERiS0_iiP9GameBoardP5EnemyPjR14AnimationState)
                  000152e6    00000002     libclang_rt.builtins.a : aeabi_div0.c.obj (.text.__aeabi_idiv0)
                  000152e8    00000284     libc.a : _printfi.c.obj (.text:__TI_printfi_minimal)
                  0001556c    00000210     ST7735.o (.text._Z17ST7735_DrawBitmapssPKtss)
                  0001577c    000001b4     Clock.o (.text._Z15Clock_Init80MHzi)
                  00015930    000001a0     ST7735.o (.text._Z16ST7735_DrawCharSsscssh)
                  00015ad0    00000190     GameBoard.o (.text._ZN9GameBoard10board_initEv)
                  00015c60    00000154     libc.a : fopen.c.obj (.text._openfile)
                  00015db4    00000128     TExaS.o (.text._Z8ADC_InitP10ADC12_Regsjj)
                  00015edc    00000118     ST7735.o (.text._Z15ST7735_FillRectsssst)
                  00015ff4    00000114     libc.a : memory.c.obj (.text.aligned_alloc)
                  00016108    000000f8     SPI.o (.text._Z8SPI_Initv)
                  00016200    000000f8     libc.a : fputs.c.obj (.text.fputs)
                  000162f8    000000f2     Game.o (.text._Z14checkCollisionR9CharacterR5Enemy)
                  000163ea    00000002     libc.a : _lock.c.obj (.text._nop)
                  000163ec    000000f0     Character.o (.text._ZN9Character11clearBehindER9GameBoard)
                  000164dc    000000ec     libsysbm.a : add_device.c.obj (.text.add_device)
                  000165c8    000000e8     TExaS.o (.text._Z9UART_Initv)
                  000166b0    000000e8     libc.a : memory.c.obj (.text.free)
                  00016798    000000e0            : setvbuf.c.obj (.text.setvbuf)
                  00016878    000000d0     ST7735.o (.text._Z14ST7735_OutCharc)
                  00016948    000000b4     Game.o (.text._Z10resetEnemyR5EnemyR9GameBoard)
                  000169fc    000000b0     Sound.o (.text._Z10Sound_Initv)
                  00016aac    000000a8     Timer.o (.text._Z14TimerG7_IntArmtjj)
                  00016b54    000000a4     GameBoard.o (.text._ZN9GameBoard10updateTileEhh)
                  00016bf8    000000a2     ST7735.o (.text._ZL11commandListPKh)
                  00016c9a    00000002     --HOLE-- [fill = 0]
                  00016c9c    000000a0     libsysbm.a : open.c.obj (.text.open)
                  00016d3c    0000009c     ST7735.o (.text._Z17ST7735_InitPrintfv)
                  00016dd8    0000009c     libc.a : aeabi_atexit.c.obj (.text.atexit_register)
                  00016e74    0000009c            : fputc.c.obj (.text.fputc)
                  00016f10    00000098     ST7735.o (.text._Z12ST7735_InitR10initRFlags)
                  00016fa8    00000094     Sound.o (.text.SysTick_Handler)
                  0001703c    00000094     Timer.o (.text._Z15TimerG12_IntArmjj)
                  000170d0    0000008c     Lab9HMain.o (.text._Z12JoystickInitv)
                  0001715c    00000088     ST7735.o (.text._ZL13setAddrWindowhhhh)
                  000171e4    0000000c     Clock.o (.text._Z10Clock_Freqv)
                  000171f0    00000088     libc.a : strcmp-armv6m.S.obj (.text:strcmp)
                  00017278    00000084     Game.o (.text._Z15handleCollisionR9CharacterR5EnemyR9GameBoardRj)
                  000172fc    00000084     ST7735.o (.text._Z17ST7735_DrawStringttPcs)
                  00017380    00000080     Game.o (.text._Z12showGameOverv)
                  00017400    00000080     Character.o (.text._ZN9CharacterC2EbhPKthhh)
                  00017480    0000007c     LaunchPad.o (.text._Z14LaunchPad_Initv)
                  000174fc    0000007c     libc.a : fclose.c.obj (.text.__TI_closefile)
                  00017578    0000007c            : copy_decompress_lzss.c.obj (.text:decompress:lzss)
                  000175f4    00000078     Character.o (.text._ZN9Character10isXAlignedER9GameBoard)
                  0001766c    00000078     Character.o (.text._ZN9Character10isYAlignedER9GameBoard)
                  000176e4    00000070     ST7735.o (.text._Z16ST7735_DrawPixelsst)
                  00017754    00000070     Tile.o (.text._ZN4Tile9setBrokenEb)
                  000177c4    0000006c     libsysbm.a : hostlseek.c.obj (.text.HOSTlseek)
                  00017830    0000006c                : hostrename.c.obj (.text.HOSTrename)
                  0001789c    0000006c     libc.a : aeabi_atexit.c.obj (.text.__cxa_finalize)
                  00017908    0000006c            : fseek.c.obj (.text.fseeko)
                  00017974    0000006c            : getdevice.c.obj (.text.getdevice)
                  000179e0    00000068     Character.o (.text._ZN9Character6moveUpER9GameBoard)
                  00017a48    00000068     Character.o (.text._ZN9Character8moveDownER9GameBoard)
                  00017ab0    00000068     Character.o (.text._ZN9Character8moveLeftER9GameBoard)
                  00017b18    00000068     Character.o (.text._ZN9Character9moveRightER9GameBoard)
                  00017b80    00000064     libc.a : _io_perm.c.obj (.text.__TI_wrt_ok)
                  00017be4    00000064            : memory.c.obj (.text.split)
                  00017c48    00000060     libsysbm.a : hostopen.c.obj (.text.HOSTopen)
                  00017ca8    0000005c     libc.a : printf.c.obj (.text.printf)
                  00017d04    00000058     libsysbm.a : hostread.c.obj (.text.HOSTread)
                  00017d5c    00000058                : hostwrite.c.obj (.text.HOSTwrite)
                  00017db4    00000058     Lab9HMain.o (.text._Z10JoystickInPjS_)
                  00017e0c    00000058     TExaS.o (.text._Z10TExaS_InitP10ADC12_RegsjPFhvE)
                  00017e64    00000056     libclang_rt.builtins.a : aeabi_idivmod.S.obj (.text.__aeabi_idivmod)
                  00017eba    00000002     --HOLE-- [fill = 0]
                  00017ebc    00000054     Enemy.o (.text._ZN5EnemyC2Ehhb)
                  00017f10    00000054     GameBoard.o (.text._ZN9GameBoard10printBoardEv)
                  00017f64    00000054     GameBoard.o (.text._ZN9GameBoard11spawnPlayerEiiP5Enemy)
                  00017fb8    00000054     libc.a : autoinit.c.obj (.text:__TI_auto_init_nobinit)
                  0001800c    00000052            : fflush.c.obj (.text.__TI_doflush)
                  0001805e    00000002     --HOLE-- [fill = 0]
                  00018060    00000050     libsysbm.a : close.c.obj (.text.close)
                  000180b0    0000004c     BFS.o (.text._ZN3BFS7isValidEii)
                  000180fc    00000048     libsysbm.a : hostclose.c.obj (.text.HOSTclose)
                  00018144    00000048                : hostunlink.c.obj (.text.HOSTunlink)
                  0001818c    00000048     SPI.o (.text._Z14SPI_OutCommandc)
                  000181d4    00000048     Sound.o (.text._Z14SysTick_IntArmjj)
                  0001821c    00000044     GameBoard.o (.text.__cxx_global_var_init)
                  00018260    00000040     TExaS.o (.text.TIMG7_IRQHandler)
                  000182a0    00000040     SPI.o (.text._Z9SPI_Resetv)
                  000182e0    00000040     BFS.o (.text._ZN3BFS16animateStepFrameER14AnimationStateP5EnemyP9GameBoardPj)
                  00018320    00000040     libclang_rt.builtins.a : aeabi_uidivmod.S.obj (.text.__aeabi_uidivmod)
                  00018360    00000040     libc.a : fopen.c.obj (.text._search_fp)
                  000183a0    0000003c     Lab9HMain.o (.text.TIMG12_IRQHandler)
                  000183dc    0000003c     BFS.o (.text._ZN14AnimationStateC2Ebiiiii)
                  00018418    00000038     SPI.o (.text._Z11SPI_OutDatac)
                  00018450    00000038     Sound.o (.text._Z11Sound_StartPKhj)
                  00018488    00000038     LaunchPad.o (.text._Z15ActivatePortA_Bv)
                  000184c0    00000038     Character.o (.text._ZN9Character14decrementLivesER9GameBoard)
                  000184f8    00000038     GameBoard.o (.text._ZN9GameBoard12spawnMonsterEii)
                  00018530    00000038     libc.a : rand.c.obj (.text.rand)
                  00018568    00000034     ST7735.o (.text._Z12ST7735_writeiPKcj)
                  0001859c    00000034     Clock.o (.text._Z14Clock_Delay1msj)
                  000185d0    00000034     ST7735.o (.text._Z16ST7735_SetCursorjj)
                  00018604    00000034     LED.o (.text._Z8LED_Initv)
                  00018638    00000034     libc.a : fopen.c.obj (.text.__TI_cleanup)
                  0001866c    00000034     libsysbm.a : trgmsg.c.obj (.text.__TI_readmsg)
                  000186a0    00000034                : trgmsg.c.obj (.text.__TI_writemsg)
                  000186d4    00000034     GameBoard.o (.text.__cxx_global_array_dtor)
                  00018708    00000034     libc.a : exit.c.obj (.text.exit)
                  0001873c    00000034            : getdevice.c.obj (.text.finddevice)
                  00018770    00000034            : fopen.c.obj (.text.freopen)
                  000187a4    00000032     Game.o (.text._Z14resetCharacterR9CharacterR9GameBoard)
                  000187d6    00000002     --HOLE-- [fill = 0]
                  000187d8    00000030     ST7735.o (.text._ZL10commonInitPKh)
                  00018808    00000030     Tile.o (.text._ZN4TileC2Ev)
                  00018838    00000030     libc.a : fopen.c.obj (.text.fopen)
                  00018868    0000002e     Tile.o (.text._ZN4Tile8drawTileEv)
                  00018896    00000002     --HOLE-- [fill = 0]
                  00018898    0000002c     ST7735.o (.text._Z17ST7735_FillScreent)
                  000188c4    0000002c     Displayable.o (.text._ZN11DisplayableC2EPKthh)
                  000188f0    0000002c     Character.o (.text._ZN9Character7respawnER9GameBoard)
                  0001891c    0000002c     libsysbm.a : unlink.c.obj (.text.unlink)
                  00018948    0000002a     Character.o (.text._ZN9Character13drawCharacterEv)
                  00018972    00000002     --HOLE-- [fill = 0]
                  00018974    00000028     Switch.o (.text._Z11Switch_Initv)
                  0001899c    00000028     TExaS.o (.text._Z9ADC_StartP10ADC12_Regs)
                  000189c4    00000028     libc.a : memory.c.obj (.text.free_list_insert)
                  000189ec    00000028     libsysbm.a : lseek.c.obj (.text.lseek)
                  00018a14    00000028                : write.c.obj (.text.write)
                  00018a3c    00000028     libc.a : boot_cortex_m.c.obj (.text:_c_int00_noargs)
                  00018a64    00000026     ST7735.o (.text._Z16ST7735_OutStringPc)
                  00018a8a    00000026     libc++abi.a : stdlib_new_delete.cpp.obj (.text._ZL17operator_new_implj)
                  00018ab0    00000024     Displayable.o (.text._ZN11DisplayableC2Ev)
                  00018ad4    00000022     BFS.o (.text._ZNSt3__14pairIiiE4swapB8nn180100ERS1_)
                  00018af6    00000022     libc.a : memccpy.c.obj (.text.memccpy)
                  00018b18    00000020     Tile.o (.text._ZN4Tile13setImageIndexEh)
                  00018b38    00000020     Lab9HMain.o (.text._ZN9GameBoardC2Ev)
                  00018b58    0000001e     ST7735.o (.text._ZL9pushColort)
                  00018b76    0000001e     Tile.o (.text._ZNK4Tile8isBrokenEv)
                  00018b94    0000001e     BFS.o (.text._ZNSt3__14swapB8nn180100IiEENS_9enable_ifIXaasr21is_move_constructibleIT_EE5valuesr18is_move_assignableIS2_EE5valueEvE4typeERS2_S5_)
                  00018bb2    00000002     --HOLE-- [fill = 0]
                  00018bb4    0000001c     startup_mspm0g3507_ticlang.o (.text.Default_Handler)
                  00018bd0    0000001c     startup_mspm0g3507_ticlang.o (.text.HardFault_Handler)
                  00018bec    0000001c     libc.a : memory.c.obj (.text.free_list_remove)
                  00018c08    0000001a     BFS.o (.text._ZNSt3__14pairIiiEC2B8nn180100IiiTnNS_9enable_ifIXclsr10_CheckArgsE17__enable_implicitIT_T0_EEEiE4typeELi0EEEOS4_OS5_)
                  00018c22    00000002     --HOLE-- [fill = 0]
                  00018c24    00000018     Switch.o (.text._Z12switchActivei)
                  00018c3c    00000018     Displayable.o (.text._ZN11DisplayableD0Ev)
                  00018c54    00000018     Lab9HMain.o (.text._ZN14AnimationStateC2Ev)
                  00018c6c    00000018     Tile.o (.text._ZN4TileD0Ev)
                  00018c84    00000018     Enemy.o (.text._ZN5EnemyD0Ev)
                  00018c9c    00000018     Character.o (.text._ZN9CharacterD0Ev)
                  00018cb4    00000018     Lab9HMain.o (.text._ZN9GameBoardD0Ev)
                  00018ccc    00000018     Lab9HMain.o (.text.__cxx_global_var_init)
                  00018ce4    00000016     ST7735.o (.text._Z11ST7735_openPKcji)
                  00018cfa    00000016     ST7735.o (.text._Z11ST7735_readiPcj)
                  00018d10    00000016     Enemy.o (.text._ZNK5Enemy6getColEv)
                  00018d26    00000016     Enemy.o (.text._ZNK5Enemy6getRowEv)
                  00018d3c    00000016     Character.o (.text._ZNK9Character6getColEv)
                  00018d52    00000016     Character.o (.text._ZNK9Character6getRowEv)
                  00018d68    00000016     libc.a : copy_zero_init.c.obj (.text:decompress:ZI:__TI_zero_init_nomemset)
                  00018d7e    00000002     --HOLE-- [fill = 0]
                  00018d80    00000014     Sound.o (.text._Z12Sound_Attackv)
                  00018d94    00000014     Sound.o (.text._Z9Sound_Popv)
                  00018da8    00000014     Tile.o (.text._ZN4TileD2Ev)
                  00018dbc    00000014     Enemy.o (.text._ZN5Enemy6setColEi)
                  00018dd0    00000014     Enemy.o (.text._ZN5Enemy6setRowEi)
                  00018de4    00000014     Enemy.o (.text._ZN5EnemyD2Ev)
                  00018df8    00000014     Character.o (.text._ZN9Character10setMonsterEP5Enemy)
                  00018e0c    00000014     Character.o (.text._ZN9Character7setUserEPS_)
                  00018e20    00000014     Character.o (.text._ZN9CharacterD2Ev)
                  00018e34    00000014     Lab9HMain.o (.text._ZN9GameBoardD2Ev)
                  00018e48    00000014     BFS.o (.text._ZNSt3__14swapB8nn180100IiiTnNS_9enable_ifIXaasr14__is_swappableIT_EE5valuesr14__is_swappableIT0_EE5valueEiE4typeELi0EEEvRNS_4pairIS2_S3_EES8_)
                  00018e5c    00000014     libc++abi.a : stdlib_new_delete.cpp.obj (.text._Znwj)
                  00018e70    00000014     libc.a : aeabi_atexit.c.obj (.text.__cxa_atexit)
                  00018e84    00000012     Displayable.o (.text._ZN11Displayable4setXEh)
                  00018e96    00000012     Displayable.o (.text._ZN11Displayable4setYEh)
                  00018ea8    00000012     Character.o (.text._ZN9Character4setXEh)
                  00018eba    00000012     Character.o (.text._ZN9Character4setYEh)
                  00018ecc    00000012     Character.o (.text._ZN9Character9setFacingEh)
                  00018ede    00000012     libc.a : memcpy16.S.obj (.text:TI_memcpy_small)
                  00018ef0    00000012            : copy_decompress_none.c.obj (.text:decompress:none)
                  00018f02    00000010     Clock.o (.text._Z11Clock_Delayj)
                  00018f12    00000002     --HOLE-- [fill = 0]
                  00018f14    00000010     Lab9HMain.o (.text._Z28TExaS_LaunchPadLogicPB27PB26v)
                  00018f24    00000010     Displayable.o (.text._ZN11Displayable8setImageEPKt)
                  00018f34    0000000e     libc.a : memory.c.obj (.text.OUTLINED_FUNCTION_0)
                  00018f42    0000000e     ST7735.o (.text._Z12ST7735_lseekili)
                  00018f50    0000000e     SlidePot.o (.text._ZN8SlidePotC2Ejj)
                  00018f5e    00000002     --HOLE-- [fill = 0]
                  00018f60    0000000e     libclang_rt.builtins.a : aeabi_memset.S.obj (.text.__aeabi_memset)
                  00018f6e    0000000e     libsysbm.a : hostrename.c.obj (.text.strcpy)
                  00018f7c    0000000e     libc.a : _printfi.c.obj (.text.strlen)
                  00018f8a    0000000e     libsysbm.a : hostrename.c.obj (.text.strlen)
                  00018f98    0000000e     libc.a : memset16.S.obj (.text:TI_memset_small)
                  00018fa6    0000000c     ST7735.o (.text._Z13ST7735_renamePKcS0_)
                  00018fb2    00000002     --HOLE-- [fill = 0]
                  00018fb4    0000000c     libc++abi.a : stdlib_new_delete.cpp.obj (.text._Z22__throw_bad_alloc_shimv)
                  00018fc0    0000000c     Tile.o (.text._ZN4Tile13getImageIndexEv)
                  00018fcc    0000000c     Tile.o (.text._ZNK4Tile9getPixelXEv)
                  00018fd8    0000000c     Tile.o (.text._ZNK4Tile9getPixelYEv)
                  00018fe4    0000000c     Character.o (.text._ZNK9Character4getXEv)
                  00018ff0    0000000c     Character.o (.text._ZNK9Character4getYEv)
                  00018ffc    0000000c     Character.o (.text._ZNK9Character8getLivesEv)
                  00019008    0000000c     libc++abi.a : cxa_handlers.cpp.obj (.text._ZSt15get_new_handlerv)
                  00019014    0000000c     libclang_rt.builtins.a : aeabi_memset.S.obj (.text.__aeabi_memclr)
                  00019020    0000000c     libc.a : memory.c.obj (.text.malloc)
                  0001902c    0000000a     ST7735.o (.text._Z12ST7735_closei)
                  00019036    0000000a     ST7735.o (.text._Z13ST7735_unlinkPKc)
                  00019040    0000000a     Lab9HMain.o (.text._Z8PLL_Initv)
                  0001904a    0000000a     Displayable.o (.text._ZN11DisplayableD2Ev)
                  00019054    00000008     GameBoard.o (.text._GLOBAL__sub_I_GameBoard.cpp)
                  0001905c    00000008     Lab9HMain.o (.text._GLOBAL__sub_I_Lab9HMain.cpp)
                  00019064    00000008     SlidePot.o (.text._ZN8SlidePot4InitEv)
                  0001906c    00000008     GameBoard.o (.text._ZN9GameBoard11getBoardArrEv)
                  00019074    00000008     libc++abi.a : stdlib_new_delete.cpp.obj (.text._ZdlPv)
                  0001907c    00000008     libclang_rt.builtins.a : aeabi_memcpy.S.obj (.text.__aeabi_memcpy)
                  00019084    00000008     libc.a : aeabi_atexit.c.obj (.text.__cxa_ia64_exit)
                  0001908c    00000008            : printf.c.obj (.text._outc)
                  00019094    00000008            : printf.c.obj (.text._outs)
                  0001909c    00000008            : fseek.c.obj (.text.fseek)
                  000190a4    00000008     libsysbm.a : remove.c.obj (.text.remove)
                  000190ac    00000004     startup_mspm0g3507_ticlang.o (.text.Reset_Handler)
                  000190b0    00000004     libc.a : pre_init.c.obj (.text._system_pre_init)
                  000190b4    00000004     libc++abi.a : abort_message.cpp.obj (.text.abort_message)
                  000190b8    00000004     libc.a : exit.c.obj (.text:abort)
                  000190bc    00000004     --HOLE-- [fill = 0]

.cinit     0    000190c8    00000110     
                  000190c8    000000ec     (.cinit..data.load) [load image, compression = lzss]
                  000191b4    0000000c     (__TI_handler_table)
                  000191c0    00000008     (.cinit..bss.load) [load image, compression = zero_init]
                  000191c8    00000010     (__TI_cinit_table)

.rodata    0    000000c0    00014ab0     
                  000000c0    0000ac44     Sound.o (.rodata._ZL11DigDugMusic)
                  0000ad04    0000409a     Sound.o (.rodata._ZL9DigDugPop)
                  0000ed9e    000033ae     Sound.o (.rodata._ZL12DigDugAttack)
                  0001214c    000004fb     ST7735.o (.rodata._ZL4Font)
                  00012647    00000001     --HOLE-- [fill = 0]
                  00012648    00000242     BitResource.o (.rodata.load1)
                  0001288a    00000242     BitResource.o (.rodata.load2)
                  00012acc    00000242     BitResource.o (.rodata.load3)
                  00012d0e    00000242     BitResource.o (.rodata.load4)
                  00012f50    00000242     BitResource.o (.rodata.load5)
                  00013192    00000242     BitResource.o (.rodata.load6)
                  000133d4    00000242     BitResource.o (.rodata.load7)
                  00013616    00000242     BitResource.o (.rodata.load8)
                  00013858    00000242     BitResource.o (.rodata.monster1)
                  00013a9a    00000242     BitResource.o (.rodata.monster2)
                  00013cdc    00000188     BitResource.o (.rodata.block_1)
                  00013e64    00000188     BitResource.o (.rodata.block_2)
                  00013fec    00000188     BitResource.o (.rodata.block_3)
                  00014174    00000188     BitResource.o (.rodata.block_4)
                  000142fc    00000188     BitResource.o (.rodata.block_5)
                  00014484    00000188     BitResource.o (.rodata.block_6)
                  0001460c    00000188     BitResource.o (.rodata.block_7)
                  00014794    00000188     BitResource.o (.rodata.taizo_stand)
                  0001491c    0000003b     ST7735.o (.rodata._ZL5Rcmd1)
                  00014957    00000039     Lab9HMain.o (.rodata.str1.56748971971382791101)
                  00014990    0000002d     libc++abi.a : stdlib_new_delete.cpp.obj (.rodata.str1.177346920702326194221)
                  000149bd    0000002b     ST7735.o (.rodata._ZL5Rcmd3)
                  000149e8    00000016     ST7735.o (.rodata.str1.22135180889145952821)
                  000149fe    00000014     Lab9HMain.o (.rodata._ZL7Text0_S)
                  00014a12    00000014     Lab9HMain.o (.rodata._ZL7Text1_S)
                  00014a26    00000014     Lab9HMain.o (.rodata._ZL7Text2_S)
                  00014a3a    00000014     Lab9HMain.o (.rodata._ZL7Text3_S)
                  00014a4e    00000014     Lab9HMain.o (.rodata._ZL7Text4_S)
                  00014a62    00000013     Lab9HMain.o (.rodata._ZL7Text0_E)
                  00014a75    00000013     Lab9HMain.o (.rodata._ZL7Text1_E)
                  00014a88    00000013     Lab9HMain.o (.rodata._ZL7Text2_E)
                  00014a9b    00000013     Lab9HMain.o (.rodata._ZL7Text3_E)
                  00014aae    00000013     Lab9HMain.o (.rodata._ZL7Text4_E)
                  00014ac1    00000013     Game.o (.rodata.str1.167385289230719781251)
                  00014ad4    00000011     libc.a : _printfi.c.obj (.rodata.str1.153638888446227384661)
                  00014ae5    00000003     Lab9HMain.o (.rodata.str1.73537796465405190331)
                  00014ae8    00000010     Displayable.o (.rodata._ZTV11Displayable)
                  00014af8    00000010     Tile.o (.rodata._ZTV4Tile)
                  00014b08    00000010     Enemy.o (.rodata._ZTV5Enemy)
                  00014b18    00000010     Character.o (.rodata._ZTV9Character)
                  00014b28    00000010     Lab9HMain.o (.rodata._ZTV9GameBoard)
                  00014b38    0000000d     ST7735.o (.rodata._ZL10Rcmd2green)
                  00014b45    0000000d     ST7735.o (.rodata._ZL8Rcmd2red)
                  00014b52    00000008     ST7735.o (.rodata.str1.25764584341816030541)
                  00014b5a    00000007     ST7735.o (.rodata.str1.1065604166771756111)
                  00014b61    00000007     ST7735.o (.rodata.str1.67005188061210878211)
                  00014b68    00000002     ST7735.o (.rodata.str1.38037396739344041771)
                  00014b6a    00000006     --HOLE-- [fill = 0]

.init_array 
*          0    000190c0    00000008     
                  000190c0    00000004     GameBoard.o (.init_array)
                  000190c4    00000004     Lab9HMain.o (.init_array)

.data      0    20200000    00000735     UNINITIALIZED
                  20200000    000004a4     GameBoard.o (.data._ZN9GameBoard8boardArrE)
                  202004a4    000000f0     libc.a : defs.c.obj (.data._ftable)
                  20200594    00000078     libsysbm.a : host_device.c.obj (.data._device)
                  2020060c    00000050                : host_device.c.obj (.data._stream)
                  2020065c    00000028     Lab9HMain.o (.data.texts)
                  20200684    00000020     BitResource.o (.data.loadingArr)
                  202006a4    0000001c     BitResource.o (.data.blocks_arr)
                  202006c0    00000014     Lab9HMain.o (.data.Sensor)
                  202006d4    00000008     libc.a : exit.c.obj (.data..L_MergedGlobals)
                  202006dc    00000008     BitResource.o (.data.monsters)
                  202006e4    00000004     Clock.o (.data.BusFreq)
                  202006e8    00000004     ST7735.o (.data.StX)
                  202006ec    00000004     ST7735.o (.data.StY)
                  202006f0    00000004     Character.o (.data._ZN9Character4userE)
                  202006f4    00000004     Character.o (.data._ZN9Character7monsterE)
                  202006f8    00000004     libc.a : defs.c.obj (.data.__TI_ft_end)
                  202006fc    00000004     libc++abi.a : cxa_default_handlers.cpp.obj (.data.__cxa_new_handler)
                  20200700    00000004     libc.a : exit.c.obj (.data.__dso_handle)
                  20200704    00000004            : _lock.c.obj (.data._lock)
                  20200708    00000004            : _lock.c.obj (.data._unlock)
                  2020070c    00000004     Sound.o (.data.counter)
                  20200710    00000004     Sound.o (.data.currentSound)
                  20200714    00000004     Lab9HMain.o (.data.g12Counter)
                  20200718    00000004     libc.a : rand.c.obj (.data.next)
                  2020071c    00000004     Lab9HMain.o (.data.score)
                  20200720    00000004     Sound.o (.data.soundSize)
                  20200724    00000002     ST7735.o (.data.StTextColor)
                  20200726    00000002     ST7735.o (.data._ZL6_width)
                  20200728    00000002     ST7735.o (.data._ZL7_height)
                  2020072a    00000001     Lab9HMain.o (.data.flag)
                  2020072b    00000001     Lab9HMain.o (.data.languageSelection)
                  2020072c    00000001     libsysbm.a : add_device.c.obj (.data.add_device.device_init)
                  2020072d    00000003     --HOLE--
                  20200730    00000001     libc.a : memory.c.obj (.data.memory_is_initialized)
                  20200731    00000003     --HOLE--
                  20200734    00000001     libsysbm.a : open.c.obj (.data.open.stream_init)

.bss       0    20200738    0000026c     UNINITIALIZED
                  20200738    00000120     libsysbm.a : trgmsg.c.obj (.bss:_CIOBUF_)
                  20200858    000000a0     libc.a : defs.c.obj (.bss.__TI_tmpnams)
                  202008f8    00000088            : aeabi_atexit.c.obj (.bss.atexit_register.__atexit0)
                  20200980    00000008     libsysbm.a : hostopen.c.obj (.bss.parmbuf)
                  20200988    00000004     TExaS.o (.bss.TExaSLogic)
                  2020098c    00000004     TExaS.o (.bss.TExaSadc)
                  20200990    00000004     libc.a : aeabi_atexit.c.obj (.bss.__atexit)
                  20200994    00000004     Lab9HMain.o (.bss.monster)
                  20200998    00000004     libc.a : memory.c.obj (.bss.sys_free)
                  2020099c    00000004     Lab9HMain.o (.bss.user)
                  202009a0    00000001     ST7735.o (.bss._ZL8ColStart)
                  202009a1    00000001     ST7735.o (.bss._ZL8RowStart)
                  202009a2    00000001     ST7735.o (.bss._ZL8TabColor)
                  202009a3    00000001     Lab9HMain.o (.bss.language)

.sysmem    0    202009a8    00000200     UNINITIALIZED
                  202009a8    00000010     libc.a : memory.c.obj (.sysmem)
                  202009b8    000001f0     --HOLE--

.stack     0    20207e00    00000200     UNINITIALIZED
                  20207e00    00000004     libc.a : boot_cortex_m.c.obj (.stack)
                  20207e04    000001fc     --HOLE--

__llvm_prf_cnts 
*          0    20200000    00000000     UNINITIALIZED

__llvm_prf_bits 
*          0    20200000    00000000     UNINITIALIZED

MODULE SUMMARY

       Module                         code    ro data   rw data
       ------                         ----    -------   -------
    .\
       Sound.o                        492     73868     12     
       BitResource.o                  0       8916      68     
       ST7735.o                       2636    1449      17     
       Lab9HMain.o                    1546    275       79     
       BFS.o                          1120    0         0      
       Game.o                         732     19        0      
       TExaS.o                        720     0         8      
       Clock.o                        516     0         4      
       SPI.o                          440     0         0      
       Timer.o                        316     0         0      
       LaunchPad.o                    180     0         0      
       Switch.o                       64      0         0      
       LED.o                          52      0         0      
       SlidePot.o                     22      0         0      
    +--+------------------------------+-------+---------+---------+
       Total:                         8836    84527     188    
                                                               
    .\GameObjects\
       GameBoard.o                    924     4         1188   
       Character.o                    1384    16        8      
       Tile.o                         348     16        0      
       Enemy.o                        212     16        0      
       Displayable.o                  166     16        0      
    +--+------------------------------+-------+---------+---------+
       Total:                         3034    68        1196   
                                                               
    .\ticlang\
       startup_mspm0g3507_ticlang.o   60      192       0      
    +--+------------------------------+-------+---------+---------+
       Total:                         60      192       0      
                                                               
    C:\ti\ccs2000\ccs\tools\compiler\ti-cgt-armllvm_4.0.1.LTS\lib\armv6m-ti-none-eabi/c/libc.a
       memory.c.obj                   702     0         5      
       _printfi.c.obj                 658     17        0      
       fopen.c.obj                    556     0         0      
       aeabi_atexit.c.obj             292     0         140    
       defs.c.obj                     0       0         404    
       fputs.c.obj                    248     0         0      
       setvbuf.c.obj                  224     0         0      
       getdevice.c.obj                160     0         0      
       fputc.c.obj                    156     0         0      
       strcmp-armv6m.S.obj            136     0         0      
       copy_decompress_lzss.c.obj     124     0         0      
       fclose.c.obj                   124     0         0      
       fseek.c.obj                    116     0         0      
       printf.c.obj                   108     0         0      
       _io_perm.c.obj                 100     0         0      
       autoinit.c.obj                 84      0         0      
       fflush.c.obj                   82      0         0      
       exit.c.obj                     56      0         12     
       rand.c.obj                     56      0         4      
       boot_cortex_m.c.obj            40      0         0      
       memccpy.c.obj                  34      0         0      
       copy_zero_init.c.obj           22      0         0      
       copy_decompress_none.c.obj     18      0         0      
       memcpy16.S.obj                 18      0         0      
       memset16.S.obj                 14      0         0      
       _lock.c.obj                    2       0         8      
       pre_init.c.obj                 4       0         0      
    +--+------------------------------+-------+---------+---------+
       Total:                         4134    17        573    
                                                               
    C:\ti\ccs2000\ccs\tools\compiler\ti-cgt-armllvm_4.0.1.LTS\lib\armv6m-ti-none-eabi/c/libsysbm.a
       trgmsg.c.obj                   104     0         288    
       add_device.c.obj               236     0         1      
       host_device.c.obj              0       0         200    
       open.c.obj                     160     0         1      
       hostrename.c.obj               136     0         0      
       hostlseek.c.obj                108     0         0      
       hostopen.c.obj                 96      0         8      
       hostread.c.obj                 88      0         0      
       hostwrite.c.obj                88      0         0      
       close.c.obj                    80      0         0      
       hostclose.c.obj                72      0         0      
       hostunlink.c.obj               72      0         0      
       unlink.c.obj                   44      0         0      
       lseek.c.obj                    40      0         0      
       write.c.obj                    40      0         0      
       remove.c.obj                   8       0         0      
    +--+------------------------------+-------+---------+---------+
       Total:                         1372    0         498    
                                                               
    C:\ti\ccs2000\ccs\tools\compiler\ti-cgt-armllvm_4.0.1.LTS\lib\armv6m-ti-none-eabi/libc++abi.a
       stdlib_new_delete.cpp.obj      78      45        0      
       cxa_handlers.cpp.obj           12      0         0      
       abort_message.cpp.obj          4       0         0      
       cxa_default_handlers.cpp.obj   0       0         4      
    +--+------------------------------+-------+---------+---------+
       Total:                         94      45        4      
                                                               
    C:\ti\ccs2000\ccs\tools\compiler\ti-cgt-armllvm_4.0.1.LTS\lib\armv6m-ti-none-eabi/libclang_rt.builtins.a
       aeabi_idivmod.S.obj            86      0         0      
       aeabi_uidivmod.S.obj           64      0         0      
       aeabi_memset.S.obj             26      0         0      
       aeabi_memcpy.S.obj             8       0         0      
       aeabi_div0.c.obj               2       0         0      
    +--+------------------------------+-------+---------+---------+
       Total:                         186     0         0      
                                                               
       Heap:                          0       0         512    
       Stack:                         0       0         512    
       Linker Generated:              0       272       0      
    +--+------------------------------+-------+---------+---------+
       Grand Total:                   17716   85121     3483   


LINKER GENERATED COPY TABLES

__TI_cinit_table @ 000191c8 records: 2, size/record: 8, table size: 16
	.data: load addr=000190c8, load size=000000ec bytes, run addr=20200000, run size=00000735 bytes, compression=lzss
	.bss: load addr=000191c0, load size=00000008 bytes, run addr=20200738, run size=0000026c bytes, compression=zero_init


LINKER GENERATED HANDLER TABLE

__TI_handler_table @ 000191b4 records: 3, size/record: 4, table size: 12
	index: 0, handler: __TI_decompress_lzss
	index: 1, handler: __TI_decompress_none
	index: 2, handler: __TI_zero_init


GLOBAL SYMBOLS: SORTED ALPHABETICALLY BY Name 

address   name                                                                                                                                          
-------   ----                                                                                                                                          
00018bb5  ADC0_IRQHandler                                                                                                                               
00018bb5  ADC1_IRQHandler                                                                                                                               
00018bb5  AES_IRQHandler                                                                                                                                
202006e4  BusFreq                                                                                                                                       
000190b8  C$$EXIT                                                                                                                                       
000186cd  C$$IO$$                                                                                                                                       
00018bb5  CANFD0_IRQHandler                                                                                                                             
00018bb5  DAC0_IRQHandler                                                                                                                               
00018bb5  DMA_IRQHandler                                                                                                                                
00018bb5  Default_Handler                                                                                                                               
00018bb5  GROUP0_IRQHandler                                                                                                                             
00018bb5  GROUP1_IRQHandler                                                                                                                             
000180fd  HOSTclose                                                                                                                                     
000177c5  HOSTlseek                                                                                                                                     
00017c49  HOSTopen                                                                                                                                      
00017d05  HOSTread                                                                                                                                      
00017831  HOSTrename                                                                                                                                    
00018145  HOSTunlink                                                                                                                                    
00017d5d  HOSTwrite                                                                                                                                     
00018bd1  HardFault_Handler                                                                                                                             
00018bb5  I2C0_IRQHandler                                                                                                                               
00018bb5  I2C1_IRQHandler                                                                                                                               
00018bb5  NMI_Handler                                                                                                                                   
00018bb5  PendSV_Handler                                                                                                                                
00018bb5  RTC_IRQHandler                                                                                                                                
000190ad  Reset_Handler                                                                                                                                 
000190c0  SHT$$INIT_ARRAY$$Base                                                                                                                         
000190c8  SHT$$INIT_ARRAY$$Limit                                                                                                                        
00018bb5  SPI0_IRQHandler                                                                                                                               
00018bb5  SPI1_IRQHandler                                                                                                                               
00018bb5  SVC_Handler                                                                                                                                   
202006c0  Sensor                                                                                                                                        
20200724  StTextColor                                                                                                                                   
202006e8  StX                                                                                                                                           
202006ec  StY                                                                                                                                           
00016fa9  SysTick_Handler                                                                                                                               
20200988  TExaSLogic                                                                                                                                    
2020098c  TExaSadc                                                                                                                                      
00018bb5  TIMA0_IRQHandler                                                                                                                              
00018bb5  TIMA1_IRQHandler                                                                                                                              
00018bb5  TIMG0_IRQHandler                                                                                                                              
000183a1  TIMG12_IRQHandler                                                                                                                             
00018bb5  TIMG6_IRQHandler                                                                                                                              
00018261  TIMG7_IRQHandler                                                                                                                              
00018bb5  TIMG8_IRQHandler                                                                                                                              
00018edf  TI_memcpy_small                                                                                                                               
00018f99  TI_memset_small                                                                                                                               
00018bb5  UART0_IRQHandler                                                                                                                              
00018bb5  UART1_IRQHandler                                                                                                                              
00018bb5  UART2_IRQHandler                                                                                                                              
00018bb5  UART3_IRQHandler                                                                                                                              
20200738  _CIOBUF_                                                                                                                                      
000171e5  _Z10Clock_Freqv                                                                                                                               
00017db5  _Z10JoystickInPjS_                                                                                                                            
000169fd  _Z10Sound_Initv                                                                                                                               
00017e0d  _Z10TExaS_InitP10ADC12_RegsjPFhvE                                                                                                             
00016949  _Z10resetEnemyR5EnemyR9GameBoard                                                                                                              
00018f03  _Z11Clock_Delayj                                                                                                                              
00018419  _Z11SPI_OutDatac                                                                                                                              
00018ce5  _Z11ST7735_openPKcji                                                                                                                          
00018cfb  _Z11ST7735_readiPcj                                                                                                                           
00018451  _Z11Sound_StartPKhj                                                                                                                           
00018975  _Z11Switch_Initv                                                                                                                              
000170d1  _Z12JoystickInitv                                                                                                                             
00016f11  _Z12ST7735_InitR10initRFlags                                                                                                                  
0001902d  _Z12ST7735_closei                                                                                                                             
00018f43  _Z12ST7735_lseekili                                                                                                                           
00018569  _Z12ST7735_writeiPKcj                                                                                                                         
00018d81  _Z12Sound_Attackv                                                                                                                             
00017381  _Z12showGameOverv                                                                                                                             
00018c25  _Z12switchActivei                                                                                                                             
00018fa7  _Z13ST7735_renamePKcS0_                                                                                                                       
00019037  _Z13ST7735_unlinkPKc                                                                                                                          
0001859d  _Z14Clock_Delay1msj                                                                                                                           
00017481  _Z14LaunchPad_Initv                                                                                                                           
0001818d  _Z14SPI_OutCommandc                                                                                                                           
00016879  _Z14ST7735_OutCharc                                                                                                                           
000181d5  _Z14SysTick_IntArmjj                                                                                                                          
00016aad  _Z14TimerG7_IntArmtjj                                                                                                                         
000162f9  _Z14checkCollisionR9CharacterR5Enemy                                                                                                          
000187a5  _Z14resetCharacterR9CharacterR9GameBoard                                                                                                      
00018489  _Z15ActivatePortA_Bv                                                                                                                          
0001577d  _Z15Clock_Init80MHzi                                                                                                                          
00015edd  _Z15ST7735_FillRectsssst                                                                                                                      
0001703d  _Z15TimerG12_IntArmjj                                                                                                                         
00017279  _Z15handleCollisionR9CharacterR5EnemyR9GameBoardRj                                                                                            
00015931  _Z16ST7735_DrawCharSsscssh                                                                                                                    
000176e5  _Z16ST7735_DrawPixelsst                                                                                                                       
00018a65  _Z16ST7735_OutStringPc                                                                                                                        
000185d1  _Z16ST7735_SetCursorjj                                                                                                                        
0001556d  _Z17ST7735_DrawBitmapssPKtss                                                                                                                  
000172fd  _Z17ST7735_DrawStringttPcs                                                                                                                    
00018899  _Z17ST7735_FillScreent                                                                                                                        
00016d3d  _Z17ST7735_InitPrintfv                                                                                                                        
00018fb5  _Z22__throw_bad_alloc_shimv                                                                                                                   
00018f15  _Z28TExaS_LaunchPadLogicPB27PB26v                                                                                                             
00015db5  _Z8ADC_InitP10ADC12_Regsjj                                                                                                                    
00018605  _Z8LED_Initv                                                                                                                                  
00019041  _Z8PLL_Initv                                                                                                                                  
00016109  _Z8SPI_Initv                                                                                                                                  
0001899d  _Z9ADC_StartP10ADC12_Regs                                                                                                                     
000182a1  _Z9SPI_Resetv                                                                                                                                 
00018d95  _Z9Sound_Popv                                                                                                                                 
000165c9  _Z9UART_Initv                                                                                                                                 
00018e85  _ZN11Displayable4setXEh                                                                                                                       
00018e97  _ZN11Displayable4setYEh                                                                                                                       
00018f25  _ZN11Displayable8setImageEPKt                                                                                                                 
000188c5  _ZN11DisplayableC1EPKthh                                                                                                                      
00018ab1  _ZN11DisplayableC1Ev                                                                                                                          
000188c5  _ZN11DisplayableC2EPKthh                                                                                                                      
00018ab1  _ZN11DisplayableC2Ev                                                                                                                          
00018c3d  _ZN11DisplayableD0Ev                                                                                                                          
0001904b  _ZN11DisplayableD1Ev                                                                                                                          
0001904b  _ZN11DisplayableD2Ev                                                                                                                          
000183dd  _ZN14AnimationStateC2Ebiiiii                                                                                                                  
00018c55  _ZN14AnimationStateC2Ev                                                                                                                       
000182e1  _ZN3BFS16animateStepFrameER14AnimationStateP5EnemyP9GameBoardPj                                                                               
00014fbd  _ZN3BFS22randomStepTowardPlayerERiS0_iiP9GameBoardP5EnemyPjR14AnimationState                                                                  
000180b1  _ZN3BFS7isValidEii                                                                                                                            
00018fc1  _ZN4Tile13getImageIndexEv                                                                                                                     
00018b19  _ZN4Tile13setImageIndexEh                                                                                                                     
00018869  _ZN4Tile8drawTileEv                                                                                                                           
00017755  _ZN4Tile9setBrokenEb                                                                                                                          
00018809  _ZN4TileC1Ev                                                                                                                                  
00018809  _ZN4TileC2Ev                                                                                                                                  
00018c6d  _ZN4TileD0Ev                                                                                                                                  
00018da9  _ZN4TileD1Ev                                                                                                                                  
00018da9  _ZN4TileD2Ev                                                                                                                                  
00018dbd  _ZN5Enemy6setColEi                                                                                                                            
00018dd1  _ZN5Enemy6setRowEi                                                                                                                            
00017ebd  _ZN5EnemyC1Ehhb                                                                                                                               
00017ebd  _ZN5EnemyC2Ehhb                                                                                                                               
00018c85  _ZN5EnemyD0Ev                                                                                                                                 
00018de5  _ZN5EnemyD2Ev                                                                                                                                 
00019065  _ZN8SlidePot4InitEv                                                                                                                           
00018f51  _ZN8SlidePotC1Ejj                                                                                                                             
00018f51  _ZN8SlidePotC2Ejj                                                                                                                             
000175f5  _ZN9Character10isXAlignedER9GameBoard                                                                                                         
0001766d  _ZN9Character10isYAlignedER9GameBoard                                                                                                         
00018df9  _ZN9Character10setMonsterEP5Enemy                                                                                                             
000163ed  _ZN9Character11clearBehindER9GameBoard                                                                                                        
00018949  _ZN9Character13drawCharacterEv                                                                                                                
000184c1  _ZN9Character14decrementLivesER9GameBoard                                                                                                     
00018ea9  _ZN9Character4setXEh                                                                                                                          
00018ebb  _ZN9Character4setYEh                                                                                                                          
202006f0  _ZN9Character4userE                                                                                                                           
000179e1  _ZN9Character6moveUpER9GameBoard                                                                                                              
202006f4  _ZN9Character7monsterE                                                                                                                        
000188f1  _ZN9Character7respawnER9GameBoard                                                                                                             
00018e0d  _ZN9Character7setUserEPS_                                                                                                                     
00017a49  _ZN9Character8moveDownER9GameBoard                                                                                                            
00017ab1  _ZN9Character8moveLeftER9GameBoard                                                                                                            
00017b19  _ZN9Character9moveRightER9GameBoard                                                                                                           
00018ecd  _ZN9Character9setFacingEh                                                                                                                     
00017401  _ZN9CharacterC1EbhPKthhh                                                                                                                      
00017401  _ZN9CharacterC2EbhPKthhh                                                                                                                      
00018c9d  _ZN9CharacterD0Ev                                                                                                                             
00018e21  _ZN9CharacterD1Ev                                                                                                                             
00018e21  _ZN9CharacterD2Ev                                                                                                                             
00015ad1  _ZN9GameBoard10board_initEv                                                                                                                   
00017f11  _ZN9GameBoard10printBoardEv                                                                                                                   
00016b55  _ZN9GameBoard10updateTileEhh                                                                                                                  
0001906d  _ZN9GameBoard11getBoardArrEv                                                                                                                  
00017f65  _ZN9GameBoard11spawnPlayerEiiP5Enemy                                                                                                          
000184f9  _ZN9GameBoard12spawnMonsterEii                                                                                                                
20200000  _ZN9GameBoard8boardArrE                                                                                                                       
00018b39  _ZN9GameBoardC2Ev                                                                                                                             
00018cb5  _ZN9GameBoardD0Ev                                                                                                                             
00018e35  _ZN9GameBoardD2Ev                                                                                                                             
00018b77  _ZNK4Tile8isBrokenEv                                                                                                                          
00018fcd  _ZNK4Tile9getPixelXEv                                                                                                                         
00018fd9  _ZNK4Tile9getPixelYEv                                                                                                                         
00018d11  _ZNK5Enemy6getColEv                                                                                                                           
00018d27  _ZNK5Enemy6getRowEv                                                                                                                           
00018fe5  _ZNK9Character4getXEv                                                                                                                         
00018ff1  _ZNK9Character4getYEv                                                                                                                         
00018d3d  _ZNK9Character6getColEv                                                                                                                       
00018d53  _ZNK9Character6getRowEv                                                                                                                       
00018ffd  _ZNK9Character8getLivesEv                                                                                                                     
00018ad5  _ZNSt3__14pairIiiE4swapB8nn180100ERS1_                                                                                                        
00018c09  _ZNSt3__14pairIiiEC2B8nn180100IiiTnNS_9enable_ifIXclsr10_CheckArgsE17__enable_implicitIT_T0_EEEiE4typeELi0EEEOS4_OS5_                         
00018b95  _ZNSt3__14swapB8nn180100IiEENS_9enable_ifIXaasr21is_move_constructibleIT_EE5valuesr18is_move_assignableIS2_EE5valueEvE4typeERS2_S5_           
00018e49  _ZNSt3__14swapB8nn180100IiiTnNS_9enable_ifIXaasr14__is_swappableIT_EE5valuesr14__is_swappableIT0_EE5valueEiE4typeELi0EEEvRNS_4pairIS2_S3_EES8_
00019009  _ZSt15get_new_handlerv                                                                                                                        
00014ae8  _ZTV11Displayable                                                                                                                             
00014af8  _ZTV4Tile                                                                                                                                     
00014b08  _ZTV5Enemy                                                                                                                                    
00014b18  _ZTV9Character                                                                                                                                
00014b28  _ZTV9GameBoard                                                                                                                                
00019075  _ZdlPv                                                                                                                                        
00018e5d  _Znwj                                                                                                                                         
20200738  __CIOBUF_                                                                                                                                     
20208000  __STACK_END                                                                                                                                   
00000200  __STACK_SIZE                                                                                                                                  
00000200  __SYSMEM_SIZE                                                                                                                                 
00000000  __TI_ATRegion0_region_sz                                                                                                                      
00000000  __TI_ATRegion0_src_addr                                                                                                                       
00000000  __TI_ATRegion0_trg_addr                                                                                                                       
00000000  __TI_ATRegion1_region_sz                                                                                                                      
00000000  __TI_ATRegion1_src_addr                                                                                                                       
00000000  __TI_ATRegion1_trg_addr                                                                                                                       
00000000  __TI_ATRegion2_region_sz                                                                                                                      
00000000  __TI_ATRegion2_src_addr                                                                                                                       
00000000  __TI_ATRegion2_trg_addr                                                                                                                       
000191c8  __TI_CINIT_Base                                                                                                                               
000191d8  __TI_CINIT_Limit                                                                                                                              
000191d8  __TI_CINIT_Warm                                                                                                                               
000191b4  __TI_Handler_Table_Base                                                                                                                       
000191c0  __TI_Handler_Table_Limit                                                                                                                      
00017fb9  __TI_auto_init_nobinit                                                                                                                        
00018639  __TI_cleanup                                                                                                                                  
202006d4  __TI_cleanup_ptr                                                                                                                              
000174fd  __TI_closefile                                                                                                                                
00017579  __TI_decompress_lzss                                                                                                                          
00018ef1  __TI_decompress_none                                                                                                                          
0001800d  __TI_doflush                                                                                                                                  
202006d8  __TI_dtors_ptr                                                                                                                                
202006f8  __TI_ft_end                                                                                                                                   
ffffffff  __TI_pprof_out_hndl                                                                                                                           
000152e9  __TI_printfi_minimal                                                                                                                          
ffffffff  __TI_prof_data_size                                                                                                                           
ffffffff  __TI_prof_data_start                                                                                                                          
0001866d  __TI_readmsg                                                                                                                                  
00000000  __TI_static_base__                                                                                                                            
20200858  __TI_tmpnams                                                                                                                                  
000186a1  __TI_writemsg                                                                                                                                 
00017b81  __TI_wrt_ok                                                                                                                                   
00018d69  __TI_zero_init_nomemset                                                                                                                       
00017e65  __aeabi_idiv                                                                                                                                  
000152e7  __aeabi_idiv0                                                                                                                                 
00017e65  __aeabi_idivmod                                                                                                                               
00019015  __aeabi_memclr                                                                                                                                
00019015  __aeabi_memclr4                                                                                                                               
00019015  __aeabi_memclr8                                                                                                                               
0001907d  __aeabi_memcpy                                                                                                                                
0001907d  __aeabi_memcpy4                                                                                                                               
0001907d  __aeabi_memcpy8                                                                                                                               
00018f61  __aeabi_memset                                                                                                                                
00018f61  __aeabi_memset4                                                                                                                               
00018f61  __aeabi_memset8                                                                                                                               
00018321  __aeabi_uidiv                                                                                                                                 
00018321  __aeabi_uidivmod                                                                                                                              
ffffffff  __binit__                                                                                                                                     
00018e71  __cxa_atexit                                                                                                                                  
0001789d  __cxa_finalize                                                                                                                                
00019085  __cxa_ia64_exit                                                                                                                               
202006fc  __cxa_new_handler                                                                                                                             
20200700  __dso_handle                                                                                                                                  
UNDEFED   __mpu_init                                                                                                                                    
20207e00  __stack                                                                                                                                       
20200000  __start___llvm_prf_bits                                                                                                                       
20200000  __start___llvm_prf_cnts                                                                                                                       
20200000  __stop___llvm_prf_bits                                                                                                                        
20200000  __stop___llvm_prf_cnts                                                                                                                        
00018a3d  _c_int00_noargs                                                                                                                               
20200594  _device                                                                                                                                       
202004a4  _ftable                                                                                                                                       
20200704  _lock                                                                                                                                         
000163eb  _nop                                                                                                                                          
2020060c  _stream                                                                                                                                       
202009a8  _sys_memory                                                                                                                                   
UNDEFED   _system_post_cinit                                                                                                                            
000190b1  _system_pre_init                                                                                                                              
20200708  _unlock                                                                                                                                       
000190b9  abort                                                                                                                                         
000190b5  abort_message                                                                                                                                 
[...]
00018cfb  _Z11ST7735_readiPcj                                                                                                                           
00018d11  _ZNK5Enemy6getColEv                                                                                                                           
00018d27  _ZNK5Enemy6getRowEv                                                                                                                           
00018d3d  _ZNK9Character6getColEv                                                                                                                       
00018d53  _ZNK9Character6getRowEv                                                                                                                       
00018d69  __TI_zero_init_nomemset                                                                                                                       
00018d81  _Z12Sound_Attackv                                                                                                                             
00018d95  _Z9Sound_Popv                                                                                                                                 
00018da9  _ZN4TileD1Ev                                                                                                                                  
00018da9  _ZN4TileD2Ev                                                                                                                                  
00018dbd  _ZN5Enemy6setColEi                                                                                                                            
00018dd1  _ZN5Enemy6setRowEi                                                                                                                            
00018de5  _ZN5EnemyD2Ev                                                                                                                                 
00018df9  _ZN9Character10setMonsterEP5Enemy                                                                                                             
00018e0d  _ZN9Character7setUserEPS_                                                                                                                     
00018e21  _ZN9CharacterD1Ev                                                                                                                             
00018e21  _ZN9CharacterD2Ev                                                                                                                             
00018e35  _ZN9GameBoardD2Ev                                                                                                                             
00018e49  _ZNSt3__14swapB8nn180100IiiTnNS_9enable_ifIXaasr14__is_swappableIT_EE5valuesr14__is_swappableIT0_EE5valueEiE4typeELi0EEEvRNS_4pairIS2_S3_EES8_
00018e5d  _Znwj                                                                                                                                         
00018e71  __cxa_atexit                                                                                                                                  
00018e85  _ZN11Displayable4setXEh                                                                                                                       
00018e97  _ZN11Displayable4setYEh                                                                                                                       
00018ea9  _ZN9Character4setXEh                                                                                                                          
00018ebb  _ZN9Character4setYEh                                                                                                                          
00018ecd  _ZN9Character9setFacingEh                                                                                                                     
00018edf  TI_memcpy_small                                                                                                                               
00018ef1  __TI_decompress_none                                                                                                                          
00018f03  _Z11Clock_Delayj                                                                                                                              
00018f15  _Z28TExaS_LaunchPadLogicPB27PB26v                                                                                                             
00018f25  _ZN11Displayable8setImageEPKt                                                                                                                 
00018f43  _Z12ST7735_lseekili                                                                                                                           
00018f51  _ZN8SlidePotC1Ejj                                                                                                                             
00018f51  _ZN8SlidePotC2Ejj                                                                                                                             
00018f61  __aeabi_memset                                                                                                                                
00018f61  __aeabi_memset4                                                                                                                               
00018f61  __aeabi_memset8                                                                                                                               
00018f99  TI_memset_small                                                                                                                               
00018fa7  _Z13ST7735_renamePKcS0_                                                                                                                       
00018fb5  _Z22__throw_bad_alloc_shimv                                                                                                                   
00018fc1  _ZN4Tile13getImageIndexEv                                                                                                                     
00018fcd  _ZNK4Tile9getPixelXEv                                                                                                                         
00018fd9  _ZNK4Tile9getPixelYEv                                                                                                                         
00018fe5  _ZNK9Character4getXEv                                                                                                                         
00018ff1  _ZNK9Character4getYEv                                                                                                                         
00018ffd  _ZNK9Character8getLivesEv                                                                                                                     
00019009  _ZSt15get_new_handlerv                                                                                                                        
00019015  __aeabi_memclr                                                                                                                                
00019015  __aeabi_memclr4                                                                                                                               
00019015  __aeabi_memclr8                                                                                                                               
00019021  malloc                                                                                                                                        
0001902d  _Z12ST7735_closei                                                                                                                             
00019037  _Z13ST7735_unlinkPKc                                                                                                                          
00019041  _Z8PLL_Initv                                                                                                                                  
0001904b  _ZN11DisplayableD1Ev                                                                                                                          
0001904b  _ZN11DisplayableD2Ev                                                                                                                          
00019065  _ZN8SlidePot4InitEv                                                                                                                           
0001906d  _ZN9GameBoard11getBoardArrEv                                                                                                                  
00019075  _ZdlPv                                                                                                                                        
0001907d  __aeabi_memcpy                                                                                                                                
0001907d  __aeabi_memcpy4                                                                                                                               
0001907d  __aeabi_memcpy8                                                                                                                               
00019085  __cxa_ia64_exit                                                                                                                               
0001909d  fseek                                                                                                                                         
000190a5  remove                                                                                                                                        
000190ad  Reset_Handler                                                                                                                                 
000190b1  _system_pre_init                                                                                                                              
000190b5  abort_message                                                                                                                                 
000190b8  C$$EXIT                                                                                                                                       
000190b9  abort                                                                                                                                         
000190c0  SHT$$INIT_ARRAY$$Base                                                                                                                         
000190c8  SHT$$INIT_ARRAY$$Limit                                                                                                                        
000191b4  __TI_Handler_Table_Base                                                                                                                       
000191c0  __TI_Handler_Table_Limit                                                                                                                      
000191c8  __TI_CINIT_Base                                                                                                                               
000191d8  __TI_CINIT_Limit                                                                                                                              
000191d8  __TI_CINIT_Warm                                                                                                                               
20200000  _ZN9GameBoard8boardArrE                                                                                                                       
20200000  __start___llvm_prf_bits                                                                                                                       
20200000  __start___llvm_prf_cnts                                                                                                                       
20200000  __stop___llvm_prf_bits                                                                                                                        
20200000  __stop___llvm_prf_cnts                                                                                                                        
202004a4  _ftable                                                                                                                                       
20200594  _device                                                                                                                                       
2020060c  _stream                                                                                                                                       
2020065c  texts                                                                                                                                         
20200684  loadingArr                                                                                                                                    
202006a4  blocks_arr                                                                                                                                    
202006c0  Sensor                                                                                                                                        
202006d4  __TI_cleanup_ptr                                                                                                                              
202006d8  __TI_dtors_ptr                                                                                                                                
202006dc  monsters                                                                                                                                      
202006e4  BusFreq                                                                                                                                       
202006e8  StX                                                                                                                                           
202006ec  StY                                                                                                                                           
202006f0  _ZN9Character4userE                                                                                                                           
202006f4  _ZN9Character7monsterE                                                                                                                        
202006f8  __TI_ft_end                                                                                                                                   
202006fc  __cxa_new_handler                                                                                                                             
20200700  __dso_handle                                                                                                                                  
20200704  _lock                                                                                                                                         
20200708  _unlock                                                                                                                                       
2020070c  counter                                                                                                                                       
20200710  currentSound                                                                                                                                  
20200714  g12Counter                                                                                                                                    
2020071c  score                                                                                                                                         
20200720  soundSize                                                                                                                                     
20200724  StTextColor                                                                                                                                   
2020072a  flag                                                                                                                                          
2020072b  languageSelection                                                                                                                             
20200738  _CIOBUF_                                                                                                                                      
20200738  __CIOBUF_                                                                                                                                     
20200858  __TI_tmpnams                                                                                                                                  
20200980  parmbuf                                                                                                                                       
20200988  TExaSLogic                                                                                                                                    
2020098c  TExaSadc                                                                                                                                      
20200994  monster                                                                                                                                       
2020099c  user                                                                                                                                          
202009a3  language                                                                                                                                      
202009a8  _sys_memory                                                                                                                                   
20207e00  __stack                                                                                                                                       
20208000  __STACK_END                                                                                                                                   
ffffffff  __TI_pprof_out_hndl                                                                                                                           
ffffffff  __TI_prof_data_size                                                                                                                           
ffffffff  __TI_prof_data_start                                                                                                                          
ffffffff  __binit__                                                                                                                                     
ffffffff  binit                                                                                                                                         
UNDEFED   __mpu_init                                                                                                                                    
UNDEFED   _system_post_cinit                                                                                                                            

[327 symbols]
